// Jest Snapshot v1, https://goo.gl/fbAQLP

exports[`#fetchConfigMaps should collect data: jobState 1`] = `
Object {
  "collectedEntities": Array [
    Object {
      "_class": Array [
        "Group",
      ],
      "_key": "d5976ece-dc03-46a1-921f-cb6043e5f56e",
      "_rawData": Array [
        Object {
          "name": "default",
          "rawData": V1Namespace {
            "apiVersion": undefined,
            "kind": undefined,
            "metadata": V1ObjectMeta {
              "annotations": undefined,
              "clusterName": undefined,
              "creationTimestamp": 2021-04-27T20:57:19.000Z,
              "deletionGracePeriodSeconds": undefined,
              "deletionTimestamp": undefined,
              "finalizers": undefined,
              "generateName": undefined,
              "generation": undefined,
              "labels": undefined,
              "managedFields": Array [
                V1ManagedFieldsEntry {
                  "apiVersion": "v1",
                  "fieldsType": "FieldsV1",
                  "fieldsV1": Object {
                    "f:status": Object {
                      "f:phase": Object {},
                    },
                  },
                  "manager": "kube-apiserver",
                  "operation": "Update",
                  "time": 2021-04-27T20:57:19.000Z,
                },
              ],
              "name": "default",
              "namespace": undefined,
              "ownerReferences": undefined,
              "resourceVersion": "200",
              "selfLink": undefined,
              "uid": "d5976ece-dc03-46a1-921f-cb6043e5f56e",
            },
            "spec": V1NamespaceSpec {
              "finalizers": Array [
                "kubernetes",
              ],
            },
            "status": V1NamespaceStatus {
              "conditions": undefined,
              "phase": "Active",
            },
          },
        },
      ],
      "_type": "kube_namespace",
      "active": undefined,
      "createdOn": 1619557039000,
      "deletionGracePeriodSeconds": undefined,
      "displayName": "default",
      "finalizers": Array [
        "kubernetes",
      ],
      "generation": undefined,
      "name": "default",
      "resourceVersion": "200",
      "status.phase": "Active",
    },
    Object {
      "_class": Array [
        "Group",
      ],
      "_key": "55ea52dd-382c-4b8c-8c24-bff59db4b817",
      "_rawData": Array [
        Object {
          "name": "default",
          "rawData": V1Namespace {
            "apiVersion": undefined,
            "kind": undefined,
            "metadata": V1ObjectMeta {
              "annotations": undefined,
              "clusterName": undefined,
              "creationTimestamp": 2021-04-27T20:57:17.000Z,
              "deletionGracePeriodSeconds": undefined,
              "deletionTimestamp": undefined,
              "finalizers": undefined,
              "generateName": undefined,
              "generation": undefined,
              "labels": undefined,
              "managedFields": Array [
                V1ManagedFieldsEntry {
                  "apiVersion": "v1",
                  "fieldsType": "FieldsV1",
                  "fieldsV1": Object {
                    "f:status": Object {
                      "f:phase": Object {},
                    },
                  },
                  "manager": "kube-apiserver",
                  "operation": "Update",
                  "time": 2021-04-27T20:57:17.000Z,
                },
              ],
              "name": "kube-node-lease",
              "namespace": undefined,
              "ownerReferences": undefined,
              "resourceVersion": "66",
              "selfLink": undefined,
              "uid": "55ea52dd-382c-4b8c-8c24-bff59db4b817",
            },
            "spec": V1NamespaceSpec {
              "finalizers": Array [
                "kubernetes",
              ],
            },
            "status": V1NamespaceStatus {
              "conditions": undefined,
              "phase": "Active",
            },
          },
        },
      ],
      "_type": "kube_namespace",
      "active": undefined,
      "createdOn": 1619557037000,
      "deletionGracePeriodSeconds": undefined,
      "displayName": "kube-node-lease",
      "finalizers": Array [
        "kubernetes",
      ],
      "generation": undefined,
      "name": "kube-node-lease",
      "resourceVersion": "66",
      "status.phase": "Active",
    },
    Object {
      "_class": Array [
        "Group",
      ],
      "_key": "35ca0e47-73b0-4e3d-9e2a-d8f3d6506d88",
      "_rawData": Array [
        Object {
          "name": "default",
          "rawData": V1Namespace {
            "apiVersion": undefined,
            "kind": undefined,
            "metadata": V1ObjectMeta {
              "annotations": undefined,
              "clusterName": undefined,
              "creationTimestamp": 2021-04-27T20:57:17.000Z,
              "deletionGracePeriodSeconds": undefined,
              "deletionTimestamp": undefined,
              "finalizers": undefined,
              "generateName": undefined,
              "generation": undefined,
              "labels": undefined,
              "managedFields": Array [
                V1ManagedFieldsEntry {
                  "apiVersion": "v1",
                  "fieldsType": "FieldsV1",
                  "fieldsV1": Object {
                    "f:status": Object {
                      "f:phase": Object {},
                    },
                  },
                  "manager": "kube-apiserver",
                  "operation": "Update",
                  "time": 2021-04-27T20:57:17.000Z,
                },
              ],
              "name": "kube-public",
              "namespace": undefined,
              "ownerReferences": undefined,
              "resourceVersion": "58",
              "selfLink": undefined,
              "uid": "35ca0e47-73b0-4e3d-9e2a-d8f3d6506d88",
            },
            "spec": V1NamespaceSpec {
              "finalizers": Array [
                "kubernetes",
              ],
            },
            "status": V1NamespaceStatus {
              "conditions": undefined,
              "phase": "Active",
            },
          },
        },
      ],
      "_type": "kube_namespace",
      "active": undefined,
      "createdOn": 1619557037000,
      "deletionGracePeriodSeconds": undefined,
      "displayName": "kube-public",
      "finalizers": Array [
        "kubernetes",
      ],
      "generation": undefined,
      "name": "kube-public",
      "resourceVersion": "58",
      "status.phase": "Active",
    },
    Object {
      "_class": Array [
        "Group",
      ],
      "_key": "239ee6a3-23d6-4ca6-ae32-3b3fdda6a604",
      "_rawData": Array [
        Object {
          "name": "default",
          "rawData": V1Namespace {
            "apiVersion": undefined,
            "kind": undefined,
            "metadata": V1ObjectMeta {
              "annotations": undefined,
              "clusterName": undefined,
              "creationTimestamp": 2021-04-27T20:57:17.000Z,
              "deletionGracePeriodSeconds": undefined,
              "deletionTimestamp": undefined,
              "finalizers": undefined,
              "generateName": undefined,
              "generation": undefined,
              "labels": undefined,
              "managedFields": Array [
                V1ManagedFieldsEntry {
                  "apiVersion": "v1",
                  "fieldsType": "FieldsV1",
                  "fieldsV1": Object {
                    "f:status": Object {
                      "f:phase": Object {},
                    },
                  },
                  "manager": "kube-apiserver",
                  "operation": "Update",
                  "time": 2021-04-27T20:57:17.000Z,
                },
              ],
              "name": "kube-system",
              "namespace": undefined,
              "ownerReferences": undefined,
              "resourceVersion": "34",
              "selfLink": undefined,
              "uid": "239ee6a3-23d6-4ca6-ae32-3b3fdda6a604",
            },
            "spec": V1NamespaceSpec {
              "finalizers": Array [
                "kubernetes",
              ],
            },
            "status": V1NamespaceStatus {
              "conditions": undefined,
              "phase": "Active",
            },
          },
        },
      ],
      "_type": "kube_namespace",
      "active": undefined,
      "createdOn": 1619557037000,
      "deletionGracePeriodSeconds": undefined,
      "displayName": "kube-system",
      "finalizers": Array [
        "kubernetes",
      ],
      "generation": undefined,
      "name": "kube-system",
      "resourceVersion": "34",
      "status.phase": "Active",
    },
    Object {
      "_class": Array [
        "Group",
      ],
      "_key": "0f9d0ac2-87db-41fe-ba0b-285778f29815",
      "_rawData": Array [
        Object {
          "name": "default",
          "rawData": V1Namespace {
            "apiVersion": undefined,
            "kind": undefined,
            "metadata": V1ObjectMeta {
              "annotations": undefined,
              "clusterName": undefined,
              "creationTimestamp": 2021-10-29T16:18:28.000Z,
              "deletionGracePeriodSeconds": undefined,
              "deletionTimestamp": undefined,
              "finalizers": undefined,
              "generateName": undefined,
              "generation": undefined,
              "labels": undefined,
              "managedFields": Array [
                V1ManagedFieldsEntry {
                  "apiVersion": "v1",
                  "fieldsType": "FieldsV1",
                  "fieldsV1": Object {
                    "f:status": Object {
                      "f:phase": Object {},
                    },
                  },
                  "manager": "kubectl-create",
                  "operation": "Update",
                  "time": 2021-10-29T16:18:28.000Z,
                },
              ],
              "name": "my-namespace",
              "namespace": undefined,
              "ownerReferences": undefined,
              "resourceVersion": "1141617",
              "selfLink": undefined,
              "uid": "0f9d0ac2-87db-41fe-ba0b-285778f29815",
            },
            "spec": V1NamespaceSpec {
              "finalizers": Array [
                "kubernetes",
              ],
            },
            "status": V1NamespaceStatus {
              "conditions": undefined,
              "phase": "Active",
            },
          },
        },
      ],
      "_type": "kube_namespace",
      "active": undefined,
      "createdOn": 1635524308000,
      "deletionGracePeriodSeconds": undefined,
      "displayName": "my-namespace",
      "finalizers": Array [
        "kubernetes",
      ],
      "generation": undefined,
      "name": "my-namespace",
      "resourceVersion": "1141617",
      "status.phase": "Active",
    },
    Object {
      "_class": Array [
        "Configuration",
      ],
      "_key": "d74905b8-4cd0-4f71-9f47-82dee58ac513",
      "_rawData": Array [
        Object {
          "name": "default",
          "rawData": Object {
            "apiVersion": undefined,
            "immutable": undefined,
            "kind": undefined,
            "metadata": V1ObjectMeta {
              "annotations": Object {
                "kubectl.kubernetes.io/last-applied-configuration": "{\\"apiVersion\\":\\"v1\\",\\"data\\":{\\"game.properties\\":\\"enemy.types=aliens,monsters\\\\nplayer.maximum-lives=5    \\\\n\\",\\"player_initial_lives\\":\\"3\\",\\"ui_properties_file_name\\":\\"user-interface.properties\\",\\"user-interface.properties\\":\\"color.good=purple\\\\ncolor.bad=yellow\\\\nallow.textmode=true  \\\\n\\"},\\"kind\\":\\"ConfigMap\\",\\"metadata\\":{\\"annotations\\":{},\\"name\\":\\"game-demo\\",\\"namespace\\":\\"default\\"}}
",
              },
              "clusterName": undefined,
              "creationTimestamp": 2021-06-23T13:38:55.000Z,
              "deletionGracePeriodSeconds": undefined,
              "deletionTimestamp": undefined,
              "finalizers": undefined,
              "generateName": undefined,
              "generation": undefined,
              "labels": undefined,
              "managedFields": Array [
                V1ManagedFieldsEntry {
                  "apiVersion": "v1",
                  "fieldsType": "FieldsV1",
                  "fieldsV1": Object {
                    "f:data": Object {
                      ".": Object {},
                      "f:game.properties": Object {},
                      "f:player_initial_lives": Object {},
                      "f:ui_properties_file_name": Object {},
                      "f:user-interface.properties": Object {},
                    },
                    "f:metadata": Object {
                      "f:annotations": Object {
                        ".": Object {},
                        "f:kubectl.kubernetes.io/last-applied-configuration": Object {},
                      },
                    },
                  },
                  "manager": "kubectl-client-side-apply",
                  "operation": "Update",
                  "time": 2021-06-23T13:38:55.000Z,
                },
              ],
              "name": "game-demo",
              "namespace": "default",
              "ownerReferences": undefined,
              "resourceVersion": "556328",
              "selfLink": undefined,
              "uid": "d74905b8-4cd0-4f71-9f47-82dee58ac513",
            },
          },
        },
      ],
      "_type": "kube_config_map",
      "classification": null,
      "createdOn": 1624455535000,
      "deletedOn": undefined,
      "deletionGracePeriodSeconds": undefined,
      "displayName": "game-demo",
      "encrypted": false,
      "generation": undefined,
      "immutable": undefined,
      "name": "game-demo",
      "resourceVersion": "556328",
    },
    Object {
      "_class": Array [
        "Configuration",
      ],
      "_key": "d8cddf12-2663-49f7-8a37-e2c7ae561e03",
      "_rawData": Array [
        Object {
          "name": "default",
          "rawData": Object {
            "apiVersion": undefined,
            "immutable": undefined,
            "kind": undefined,
            "metadata": V1ObjectMeta {
              "annotations": undefined,
              "clusterName": undefined,
              "creationTimestamp": 2021-04-27T20:57:37.000Z,
              "deletionGracePeriodSeconds": undefined,
              "deletionTimestamp": undefined,
              "finalizers": undefined,
              "generateName": undefined,
              "generation": undefined,
              "labels": undefined,
              "managedFields": Array [
                V1ManagedFieldsEntry {
                  "apiVersion": "v1",
                  "fieldsType": "FieldsV1",
                  "fieldsV1": Object {
                    "f:data": Object {
                      ".": Object {},
                      "f:ca.crt": Object {},
                    },
                  },
                  "manager": "kube-controller-manager",
                  "operation": "Update",
                  "time": 2021-04-27T20:57:37.000Z,
                },
              ],
              "name": "kube-root-ca.crt",
              "namespace": "default",
              "ownerReferences": undefined,
              "resourceVersion": "385",
              "selfLink": undefined,
              "uid": "d8cddf12-2663-49f7-8a37-e2c7ae561e03",
            },
          },
        },
      ],
      "_type": "kube_config_map",
      "classification": null,
      "createdOn": 1619557057000,
      "deletedOn": undefined,
      "deletionGracePeriodSeconds": undefined,
      "displayName": "kube-root-ca.crt",
      "encrypted": false,
      "generation": undefined,
      "immutable": undefined,
      "name": "kube-root-ca.crt",
      "resourceVersion": "385",
    },
    Object {
      "_class": Array [
        "Configuration",
      ],
      "_key": "6d5bbd29-3b9d-46fe-af47-94396090726d",
      "_rawData": Array [
        Object {
          "name": "default",
          "rawData": Object {
            "apiVersion": undefined,
            "immutable": undefined,
            "kind": undefined,
            "metadata": V1ObjectMeta {
              "annotations": undefined,
              "clusterName": undefined,
              "creationTimestamp": 2021-04-27T20:57:37.000Z,
              "deletionGracePeriodSeconds": undefined,
              "deletionTimestamp": undefined,
              "finalizers": undefined,
              "generateName": undefined,
              "generation": undefined,
              "labels": undefined,
              "managedFields": Array [
                V1ManagedFieldsEntry {
                  "apiVersion": "v1",
                  "fieldsType": "FieldsV1",
                  "fieldsV1": Object {
                    "f:data": Object {
                      ".": Object {},
                      "f:ca.crt": Object {},
                    },
                  },
                  "manager": "kube-controller-manager",
                  "operation": "Update",
                  "time": 2021-04-27T20:57:37.000Z,
                },
              ],
              "name": "kube-root-ca.crt",
              "namespace": "kube-node-lease",
              "ownerReferences": undefined,
              "resourceVersion": "383",
              "selfLink": undefined,
              "uid": "6d5bbd29-3b9d-46fe-af47-94396090726d",
            },
          },
        },
      ],
      "_type": "kube_config_map",
      "classification": null,
      "createdOn": 1619557057000,
      "deletedOn": undefined,
      "deletionGracePeriodSeconds": undefined,
      "displayName": "kube-root-ca.crt",
      "encrypted": false,
      "generation": undefined,
      "immutable": undefined,
      "name": "kube-root-ca.crt",
      "resourceVersion": "383",
    },
    Object {
      "_class": Array [
        "Configuration",
      ],
      "_key": "b985f65f-f2fc-449d-9a4d-3f0b9302e79d",
      "_rawData": Array [
        Object {
          "name": "default",
          "rawData": Object {
            "apiVersion": undefined,
            "immutable": undefined,
            "kind": undefined,
            "metadata": V1ObjectMeta {
              "annotations": undefined,
              "clusterName": undefined,
              "creationTimestamp": 2021-04-27T20:57:20.000Z,
              "deletionGracePeriodSeconds": undefined,
              "deletionTimestamp": undefined,
              "finalizers": undefined,
              "generateName": undefined,
              "generation": undefined,
              "labels": undefined,
              "managedFields": Array [
                V1ManagedFieldsEntry {
                  "apiVersion": "v1",
                  "fieldsType": "FieldsV1",
                  "fieldsV1": Object {
                    "f:data": Object {
                      ".": Object {},
                      "f:kubeconfig": Object {},
                    },
                  },
                  "manager": "kubeadm",
                  "operation": "Update",
                  "time": 2021-04-27T20:57:20.000Z,
                },
              ],
              "name": "cluster-info",
              "namespace": "kube-public",
              "ownerReferences": undefined,
              "resourceVersion": "66412",
              "selfLink": undefined,
              "uid": "b985f65f-f2fc-449d-9a4d-3f0b9302e79d",
            },
          },
        },
      ],
      "_type": "kube_config_map",
      "classification": null,
      "createdOn": 1619557040000,
      "deletedOn": undefined,
      "deletionGracePeriodSeconds": undefined,
      "displayName": "cluster-info",
      "encrypted": false,
      "generation": undefined,
      "immutable": undefined,
      "name": "cluster-info",
      "resourceVersion": "66412",
    },
    Object {
      "_class": Array [
        "Configuration",
      ],
      "_key": "6d45bd3c-9427-4c7f-a5f3-170ab17d96eb",
      "_rawData": Array [
        Object {
          "name": "default",
          "rawData": Object {
            "apiVersion": undefined,
            "immutable": undefined,
            "kind": undefined,
            "metadata": V1ObjectMeta {
              "annotations": undefined,
              "clusterName": undefined,
              "creationTimestamp": 2021-04-27T20:57:37.000Z,
              "deletionGracePeriodSeconds": undefined,
              "deletionTimestamp": undefined,
              "finalizers": undefined,
              "generateName": undefined,
              "generation": undefined,
              "labels": undefined,
              "managedFields": Array [
                V1ManagedFieldsEntry {
                  "apiVersion": "v1",
                  "fieldsType": "FieldsV1",
                  "fieldsV1": Object {
                    "f:data": Object {
                      ".": Object {},
                      "f:ca.crt": Object {},
                    },
                  },
                  "manager": "kube-controller-manager",
                  "operation": "Update",
                  "time": 2021-04-27T20:57:37.000Z,
                },
              ],
              "name": "kube-root-ca.crt",
              "namespace": "kube-public",
              "ownerReferences": undefined,
              "resourceVersion": "377",
              "selfLink": undefined,
              "uid": "6d45bd3c-9427-4c7f-a5f3-170ab17d96eb",
            },
          },
        },
      ],
      "_type": "kube_config_map",
      "classification": null,
      "createdOn": 1619557057000,
      "deletedOn": undefined,
      "deletionGracePeriodSeconds": undefined,
      "displayName": "kube-root-ca.crt",
      "encrypted": false,
      "generation": undefined,
      "immutable": undefined,
      "name": "kube-root-ca.crt",
      "resourceVersion": "377",
    },
    Object {
      "_class": Array [
        "Configuration",
      ],
      "_key": "16be3d5c-b3e4-402c-bf11-e99c08494f0c",
      "_rawData": Array [
        Object {
          "name": "default",
          "rawData": Object {
            "apiVersion": undefined,
            "immutable": undefined,
            "kind": undefined,
            "metadata": V1ObjectMeta {
              "annotations": undefined,
              "clusterName": undefined,
              "creationTimestamp": 2021-04-27T20:57:20.000Z,
              "deletionGracePeriodSeconds": undefined,
              "deletionTimestamp": undefined,
              "finalizers": undefined,
              "generateName": undefined,
              "generation": undefined,
              "labels": undefined,
              "managedFields": Array [
                V1ManagedFieldsEntry {
                  "apiVersion": "v1",
                  "fieldsType": "FieldsV1",
                  "fieldsV1": Object {
                    "f:data": Object {
                      ".": Object {},
                      "f:Corefile": Object {},
                    },
                  },
                  "manager": "kubeadm",
                  "operation": "Update",
                  "time": 2021-04-27T20:57:20.000Z,
                },
              ],
              "name": "coredns",
              "namespace": "kube-system",
              "ownerReferences": undefined,
              "resourceVersion": "233",
              "selfLink": undefined,
              "uid": "16be3d5c-b3e4-402c-bf11-e99c08494f0c",
            },
          },
        },
      ],
      "_type": "kube_config_map",
      "classification": null,
      "createdOn": 1619557040000,
      "deletedOn": undefined,
      "deletionGracePeriodSeconds": undefined,
      "displayName": "coredns",
      "encrypted": false,
      "generation": undefined,
      "immutable": undefined,
      "name": "coredns",
      "resourceVersion": "233",
    },
    Object {
      "_class": Array [
        "Configuration",
      ],
      "_key": "61ae98fa-c703-4f1d-9c00-ec6b256343b6",
      "_rawData": Array [
        Object {
          "name": "default",
          "rawData": Object {
            "apiVersion": undefined,
            "immutable": undefined,
            "kind": undefined,
            "metadata": V1ObjectMeta {
              "annotations": undefined,
              "clusterName": undefined,
              "creationTimestamp": 2021-04-27T20:57:17.000Z,
              "deletionGracePeriodSeconds": undefined,
              "deletionTimestamp": undefined,
              "finalizers": undefined,
              "generateName": undefined,
              "generation": undefined,
              "labels": undefined,
              "managedFields": Array [
                V1ManagedFieldsEntry {
                  "apiVersion": "v1",
                  "fieldsType": "FieldsV1",
                  "fieldsV1": Object {
                    "f:data": Object {
                      ".": Object {},
                      "f:client-ca-file": Object {},
                      "f:requestheader-allowed-names": Object {},
                      "f:requestheader-client-ca-file": Object {},
                      "f:requestheader-extra-headers-prefix": Object {},
                      "f:requestheader-group-headers": Object {},
                      "f:requestheader-username-headers": Object {},
                    },
                  },
                  "manager": "kube-apiserver",
                  "operation": "Update",
                  "time": 2021-04-27T20:57:17.000Z,
                },
              ],
              "name": "extension-apiserver-authentication",
              "namespace": "kube-system",
              "ownerReferences": undefined,
              "resourceVersion": "59",
              "selfLink": undefined,
              "uid": "61ae98fa-c703-4f1d-9c00-ec6b256343b6",
            },
          },
        },
      ],
      "_type": "kube_config_map",
      "classification": null,
      "createdOn": 1619557037000,
      "deletedOn": undefined,
      "deletionGracePeriodSeconds": undefined,
      "displayName": "extension-apiserver-authentication",
      "encrypted": false,
      "generation": undefined,
      "immutable": undefined,
      "name": "extension-apiserver-authentication",
      "resourceVersion": "59",
    },
    Object {
      "_class": Array [
        "Configuration",
      ],
      "_key": "7d91f45a-7782-44bd-9ca5-476e81f63924",
      "_rawData": Array [
        Object {
          "name": "default",
          "rawData": Object {
            "apiVersion": undefined,
            "immutable": undefined,
            "kind": undefined,
            "metadata": V1ObjectMeta {
              "annotations": undefined,
              "clusterName": undefined,
              "creationTimestamp": 2021-04-27T20:57:20.000Z,
              "deletionGracePeriodSeconds": undefined,
              "deletionTimestamp": undefined,
              "finalizers": undefined,
              "generateName": undefined,
              "generation": undefined,
              "labels": Object {
                "app": "kube-proxy",
              },
              "managedFields": Array [
                V1ManagedFieldsEntry {
                  "apiVersion": "v1",
                  "fieldsType": "FieldsV1",
                  "fieldsV1": Object {
                    "f:data": Object {
                      ".": Object {},
                      "f:config.conf": Object {},
                      "f:kubeconfig.conf": Object {},
                    },
                    "f:metadata": Object {
                      "f:labels": Object {
                        ".": Object {},
                        "f:app": Object {},
                      },
                    },
                  },
                  "manager": "kubeadm",
                  "operation": "Update",
                  "time": 2021-04-27T20:57:20.000Z,
                },
              ],
              "name": "kube-proxy",
              "namespace": "kube-system",
              "ownerReferences": undefined,
              "resourceVersion": "245",
              "selfLink": undefined,
              "uid": "7d91f45a-7782-44bd-9ca5-476e81f63924",
            },
          },
        },
      ],
      "_type": "kube_config_map",
      "classification": null,
      "createdOn": 1619557040000,
      "deletedOn": undefined,
      "deletionGracePeriodSeconds": undefined,
      "displayName": "kube-proxy",
      "encrypted": false,
      "generation": undefined,
      "immutable": undefined,
      "name": "kube-proxy",
      "resourceVersion": "245",
    },
    Object {
      "_class": Array [
        "Configuration",
      ],
      "_key": "3d6d9a76-9d50-4519-b8ad-19710ee5fe8c",
      "_rawData": Array [
        Object {
          "name": "default",
          "rawData": Object {
            "apiVersion": undefined,
            "immutable": undefined,
            "kind": undefined,
            "metadata": V1ObjectMeta {
              "annotations": undefined,
              "clusterName": undefined,
              "creationTimestamp": 2021-04-27T20:57:37.000Z,
              "deletionGracePeriodSeconds": undefined,
              "deletionTimestamp": undefined,
              "finalizers": undefined,
              "generateName": undefined,
              "generation": undefined,
              "labels": undefined,
              "managedFields": Array [
                V1ManagedFieldsEntry {
                  "apiVersion": "v1",
                  "fieldsType": "FieldsV1",
                  "fieldsV1": Object {
                    "f:data": Object {
                      ".": Object {},
                      "f:ca.crt": Object {},
                    },
                  },
                  "manager": "kube-controller-manager",
                  "operation": "Update",
                  "time": 2021-04-27T20:57:37.000Z,
                },
              ],
              "name": "kube-root-ca.crt",
              "namespace": "kube-system",
              "ownerReferences": undefined,
              "resourceVersion": "375",
              "selfLink": undefined,
              "uid": "3d6d9a76-9d50-4519-b8ad-19710ee5fe8c",
            },
          },
        },
      ],
      "_type": "kube_config_map",
      "classification": null,
      "createdOn": 1619557057000,
      "deletedOn": undefined,
      "deletionGracePeriodSeconds": undefined,
      "displayName": "kube-root-ca.crt",
      "encrypted": false,
      "generation": undefined,
      "immutable": undefined,
      "name": "kube-root-ca.crt",
      "resourceVersion": "375",
    },
    Object {
      "_class": Array [
        "Configuration",
      ],
      "_key": "d09bcd0c-154a-40cf-b56b-59a096e267ca",
      "_rawData": Array [
        Object {
          "name": "default",
          "rawData": Object {
            "apiVersion": undefined,
            "immutable": undefined,
            "kind": undefined,
            "metadata": V1ObjectMeta {
              "annotations": undefined,
              "clusterName": undefined,
              "creationTimestamp": 2021-04-27T20:57:19.000Z,
              "deletionGracePeriodSeconds": undefined,
              "deletionTimestamp": undefined,
              "finalizers": undefined,
              "generateName": undefined,
              "generation": undefined,
              "labels": undefined,
              "managedFields": Array [
                V1ManagedFieldsEntry {
                  "apiVersion": "v1",
                  "fieldsType": "FieldsV1",
                  "fieldsV1": Object {
                    "f:data": Object {
                      ".": Object {},
                      "f:ClusterConfiguration": Object {},
                      "f:ClusterStatus": Object {},
                    },
                  },
                  "manager": "kubeadm",
                  "operation": "Update",
                  "time": 2021-04-27T20:57:19.000Z,
                },
              ],
              "name": "kubeadm-config",
              "namespace": "kube-system",
              "ownerReferences": undefined,
              "resourceVersion": "203",
              "selfLink": undefined,
              "uid": "d09bcd0c-154a-40cf-b56b-59a096e267ca",
            },
          },
        },
      ],
      "_type": "kube_config_map",
      "classification": null,
      "createdOn": 1619557039000,
      "deletedOn": undefined,
      "deletionGracePeriodSeconds": undefined,
      "displayName": "kubeadm-config",
      "encrypted": false,
      "generation": undefined,
      "immutable": undefined,
      "name": "kubeadm-config",
      "resourceVersion": "203",
    },
    Object {
      "_class": Array [
        "Configuration",
      ],
      "_key": "7deda7f2-2ac1-4845-836f-e0984840243b",
      "_rawData": Array [
        Object {
          "name": "default",
          "rawData": Object {
            "apiVersion": undefined,
            "immutable": undefined,
            "kind": undefined,
            "metadata": V1ObjectMeta {
              "annotations": undefined,
              "clusterName": undefined,
              "creationTimestamp": 2021-04-27T20:57:19.000Z,
              "deletionGracePeriodSeconds": undefined,
              "deletionTimestamp": undefined,
              "finalizers": undefined,
              "generateName": undefined,
              "generation": undefined,
              "labels": undefined,
              "managedFields": Array [
                V1ManagedFieldsEntry {
                  "apiVersion": "v1",
                  "fieldsType": "FieldsV1",
                  "fieldsV1": Object {
                    "f:data": Object {
                      ".": Object {},
                      "f:kubelet": Object {},
                    },
                  },
                  "manager": "kubeadm",
                  "operation": "Update",
                  "time": 2021-04-27T20:57:19.000Z,
                },
              ],
              "name": "kubelet-config-1.20",
              "namespace": "kube-system",
              "ownerReferences": undefined,
              "resourceVersion": "207",
              "selfLink": undefined,
              "uid": "7deda7f2-2ac1-4845-836f-e0984840243b",
            },
          },
        },
      ],
      "_type": "kube_config_map",
      "classification": null,
      "createdOn": 1619557039000,
      "deletedOn": undefined,
      "deletionGracePeriodSeconds": undefined,
      "displayName": "kubelet-config-1.20",
      "encrypted": false,
      "generation": undefined,
      "immutable": undefined,
      "name": "kubelet-config-1.20",
      "resourceVersion": "207",
    },
    Object {
      "_class": Array [
        "Configuration",
      ],
      "_key": "52049b77-c9f6-4bf9-98e2-e81397f62ac9",
      "_rawData": Array [
        Object {
          "name": "default",
          "rawData": Object {
            "apiVersion": undefined,
            "immutable": undefined,
            "kind": undefined,
            "metadata": V1ObjectMeta {
              "annotations": undefined,
              "clusterName": undefined,
              "creationTimestamp": 2021-10-29T16:18:28.000Z,
              "deletionGracePeriodSeconds": undefined,
              "deletionTimestamp": undefined,
              "finalizers": undefined,
              "generateName": undefined,
              "generation": undefined,
              "labels": undefined,
              "managedFields": Array [
                V1ManagedFieldsEntry {
                  "apiVersion": "v1",
                  "fieldsType": "FieldsV1",
                  "fieldsV1": Object {
                    "f:data": Object {
                      ".": Object {},
                      "f:ca.crt": Object {},
                    },
                  },
                  "manager": "kube-controller-manager",
                  "operation": "Update",
                  "time": 2021-10-29T16:18:28.000Z,
                },
              ],
              "name": "kube-root-ca.crt",
              "namespace": "my-namespace",
              "ownerReferences": undefined,
              "resourceVersion": "1141619",
              "selfLink": undefined,
              "uid": "52049b77-c9f6-4bf9-98e2-e81397f62ac9",
            },
          },
        },
      ],
      "_type": "kube_config_map",
      "classification": null,
      "createdOn": 1635524308000,
      "deletedOn": undefined,
      "deletionGracePeriodSeconds": undefined,
      "displayName": "kube-root-ca.crt",
      "encrypted": false,
      "generation": undefined,
      "immutable": undefined,
      "name": "kube-root-ca.crt",
      "resourceVersion": "1141619",
    },
  ],
  "collectedRelationships": Array [
    Object {
      "_class": "CONTAINS",
      "_fromEntityKey": "d5976ece-dc03-46a1-921f-cb6043e5f56e",
      "_key": "d5976ece-dc03-46a1-921f-cb6043e5f56e|contains|d74905b8-4cd0-4f71-9f47-82dee58ac513",
      "_toEntityKey": "d74905b8-4cd0-4f71-9f47-82dee58ac513",
      "_type": "kube_namespace_contains_config_map",
      "displayName": "CONTAINS",
    },
    Object {
      "_class": "CONTAINS",
      "_fromEntityKey": "d5976ece-dc03-46a1-921f-cb6043e5f56e",
      "_key": "d5976ece-dc03-46a1-921f-cb6043e5f56e|contains|d8cddf12-2663-49f7-8a37-e2c7ae561e03",
      "_toEntityKey": "d8cddf12-2663-49f7-8a37-e2c7ae561e03",
      "_type": "kube_namespace_contains_config_map",
      "displayName": "CONTAINS",
    },
    Object {
      "_class": "CONTAINS",
      "_fromEntityKey": "55ea52dd-382c-4b8c-8c24-bff59db4b817",
      "_key": "55ea52dd-382c-4b8c-8c24-bff59db4b817|contains|6d5bbd29-3b9d-46fe-af47-94396090726d",
      "_toEntityKey": "6d5bbd29-3b9d-46fe-af47-94396090726d",
      "_type": "kube_namespace_contains_config_map",
      "displayName": "CONTAINS",
    },
    Object {
      "_class": "CONTAINS",
      "_fromEntityKey": "35ca0e47-73b0-4e3d-9e2a-d8f3d6506d88",
      "_key": "35ca0e47-73b0-4e3d-9e2a-d8f3d6506d88|contains|b985f65f-f2fc-449d-9a4d-3f0b9302e79d",
      "_toEntityKey": "b985f65f-f2fc-449d-9a4d-3f0b9302e79d",
      "_type": "kube_namespace_contains_config_map",
      "displayName": "CONTAINS",
    },
    Object {
      "_class": "CONTAINS",
      "_fromEntityKey": "35ca0e47-73b0-4e3d-9e2a-d8f3d6506d88",
      "_key": "35ca0e47-73b0-4e3d-9e2a-d8f3d6506d88|contains|6d45bd3c-9427-4c7f-a5f3-170ab17d96eb",
      "_toEntityKey": "6d45bd3c-9427-4c7f-a5f3-170ab17d96eb",
      "_type": "kube_namespace_contains_config_map",
      "displayName": "CONTAINS",
    },
    Object {
      "_class": "CONTAINS",
      "_fromEntityKey": "239ee6a3-23d6-4ca6-ae32-3b3fdda6a604",
      "_key": "239ee6a3-23d6-4ca6-ae32-3b3fdda6a604|contains|16be3d5c-b3e4-402c-bf11-e99c08494f0c",
      "_toEntityKey": "16be3d5c-b3e4-402c-bf11-e99c08494f0c",
      "_type": "kube_namespace_contains_config_map",
      "displayName": "CONTAINS",
    },
    Object {
      "_class": "CONTAINS",
      "_fromEntityKey": "239ee6a3-23d6-4ca6-ae32-3b3fdda6a604",
      "_key": "239ee6a3-23d6-4ca6-ae32-3b3fdda6a604|contains|61ae98fa-c703-4f1d-9c00-ec6b256343b6",
      "_toEntityKey": "61ae98fa-c703-4f1d-9c00-ec6b256343b6",
      "_type": "kube_namespace_contains_config_map",
      "displayName": "CONTAINS",
    },
    Object {
      "_class": "CONTAINS",
      "_fromEntityKey": "239ee6a3-23d6-4ca6-ae32-3b3fdda6a604",
      "_key": "239ee6a3-23d6-4ca6-ae32-3b3fdda6a604|contains|7d91f45a-7782-44bd-9ca5-476e81f63924",
      "_toEntityKey": "7d91f45a-7782-44bd-9ca5-476e81f63924",
      "_type": "kube_namespace_contains_config_map",
      "displayName": "CONTAINS",
    },
    Object {
      "_class": "CONTAINS",
      "_fromEntityKey": "239ee6a3-23d6-4ca6-ae32-3b3fdda6a604",
      "_key": "239ee6a3-23d6-4ca6-ae32-3b3fdda6a604|contains|3d6d9a76-9d50-4519-b8ad-19710ee5fe8c",
      "_toEntityKey": "3d6d9a76-9d50-4519-b8ad-19710ee5fe8c",
      "_type": "kube_namespace_contains_config_map",
      "displayName": "CONTAINS",
    },
    Object {
      "_class": "CONTAINS",
      "_fromEntityKey": "239ee6a3-23d6-4ca6-ae32-3b3fdda6a604",
      "_key": "239ee6a3-23d6-4ca6-ae32-3b3fdda6a604|contains|d09bcd0c-154a-40cf-b56b-59a096e267ca",
      "_toEntityKey": "d09bcd0c-154a-40cf-b56b-59a096e267ca",
      "_type": "kube_namespace_contains_config_map",
      "displayName": "CONTAINS",
    },
    Object {
      "_class": "CONTAINS",
      "_fromEntityKey": "239ee6a3-23d6-4ca6-ae32-3b3fdda6a604",
      "_key": "239ee6a3-23d6-4ca6-ae32-3b3fdda6a604|contains|7deda7f2-2ac1-4845-836f-e0984840243b",
      "_toEntityKey": "7deda7f2-2ac1-4845-836f-e0984840243b",
      "_type": "kube_namespace_contains_config_map",
      "displayName": "CONTAINS",
    },
    Object {
      "_class": "CONTAINS",
      "_fromEntityKey": "0f9d0ac2-87db-41fe-ba0b-285778f29815",
      "_key": "0f9d0ac2-87db-41fe-ba0b-285778f29815|contains|52049b77-c9f6-4bf9-98e2-e81397f62ac9",
      "_toEntityKey": "52049b77-c9f6-4bf9-98e2-e81397f62ac9",
      "_type": "kube_namespace_contains_config_map",
      "displayName": "CONTAINS",
    },
  ],
  "encounteredTypes": Array [
    "kube_namespace",
    "kube_config_map",
    "kube_namespace_contains_config_map",
  ],
  "numCollectedEntities": 17,
  "numCollectedRelationships": 12,
}
`;
