// Jest Snapshot v1, https://goo.gl/fbAQLP

exports[`#fetchDeployments should collect data: jobState 1`] = `
Object {
  "collectedEntities": Array [
    Object {
      "_class": Array [
        "Group",
      ],
      "_key": "868d4703-b338-4051-98e4-b65b4f0a0006",
      "_rawData": Array [
        Object {
          "name": "default",
          "rawData": V1Namespace {
            "apiVersion": undefined,
            "kind": undefined,
            "metadata": V1ObjectMeta {
              "annotations": undefined,
              "creationTimestamp": 2024-01-11T15:50:15.000Z,
              "deletionGracePeriodSeconds": undefined,
              "deletionTimestamp": undefined,
              "finalizers": undefined,
              "generateName": undefined,
              "generation": undefined,
              "labels": Object {
                "kubernetes.io/metadata.name": "default",
              },
              "managedFields": Array [
                V1ManagedFieldsEntry {
                  "apiVersion": "v1",
                  "fieldsType": "FieldsV1",
                  "fieldsV1": Object {
                    "f:metadata": Object {
                      "f:labels": Object {
                        ".": Object {},
                        "f:kubernetes.io/metadata.name": Object {},
                      },
                    },
                  },
                  "manager": "kube-apiserver",
                  "operation": "Update",
                  "subresource": undefined,
                  "time": 2024-01-11T15:50:15.000Z,
                },
              ],
              "name": "default",
              "namespace": undefined,
              "ownerReferences": undefined,
              "resourceVersion": "39",
              "selfLink": undefined,
              "uid": "868d4703-b338-4051-98e4-b65b4f0a0006",
            },
            "spec": V1NamespaceSpec {
              "finalizers": Array [
                "kubernetes",
              ],
            },
            "status": V1NamespaceStatus {
              "conditions": undefined,
              "phase": "Active",
            },
          },
        },
      ],
      "_type": "kube_namespace",
      "active": undefined,
      "createdOn": 1704988215000,
      "deletionGracePeriodSeconds": undefined,
      "displayName": "default",
      "finalizers": Array [
        "kubernetes",
      ],
      "generation": undefined,
      "name": "default",
      "resourceVersion": "39",
      "status.phase": "Active",
    },
    Object {
      "_class": Array [
        "Group",
      ],
      "_key": "52615a92-75c3-4c4b-8b72-51be82a4bc21",
      "_rawData": Array [
        Object {
          "name": "default",
          "rawData": V1Namespace {
            "apiVersion": undefined,
            "kind": undefined,
            "metadata": V1ObjectMeta {
              "annotations": undefined,
              "creationTimestamp": 2024-01-11T15:50:15.000Z,
              "deletionGracePeriodSeconds": undefined,
              "deletionTimestamp": undefined,
              "finalizers": undefined,
              "generateName": undefined,
              "generation": undefined,
              "labels": Object {
                "kubernetes.io/metadata.name": "kube-node-lease",
              },
              "managedFields": Array [
                V1ManagedFieldsEntry {
                  "apiVersion": "v1",
                  "fieldsType": "FieldsV1",
                  "fieldsV1": Object {
                    "f:metadata": Object {
                      "f:labels": Object {
                        ".": Object {},
                        "f:kubernetes.io/metadata.name": Object {},
                      },
                    },
                  },
                  "manager": "kube-apiserver",
                  "operation": "Update",
                  "subresource": undefined,
                  "time": 2024-01-11T15:50:15.000Z,
                },
              ],
              "name": "kube-node-lease",
              "namespace": undefined,
              "ownerReferences": undefined,
              "resourceVersion": "35",
              "selfLink": undefined,
              "uid": "52615a92-75c3-4c4b-8b72-51be82a4bc21",
            },
            "spec": V1NamespaceSpec {
              "finalizers": Array [
                "kubernetes",
              ],
            },
            "status": V1NamespaceStatus {
              "conditions": undefined,
              "phase": "Active",
            },
          },
        },
      ],
      "_type": "kube_namespace",
      "active": undefined,
      "createdOn": 1704988215000,
      "deletionGracePeriodSeconds": undefined,
      "displayName": "kube-node-lease",
      "finalizers": Array [
        "kubernetes",
      ],
      "generation": undefined,
      "name": "kube-node-lease",
      "resourceVersion": "35",
      "status.phase": "Active",
    },
    Object {
      "_class": Array [
        "Group",
      ],
      "_key": "7a2ee4f7-12fd-494b-93f0-c639b1e63a72",
      "_rawData": Array [
        Object {
          "name": "default",
          "rawData": V1Namespace {
            "apiVersion": undefined,
            "kind": undefined,
            "metadata": V1ObjectMeta {
              "annotations": undefined,
              "creationTimestamp": 2024-01-11T15:50:15.000Z,
              "deletionGracePeriodSeconds": undefined,
              "deletionTimestamp": undefined,
              "finalizers": undefined,
              "generateName": undefined,
              "generation": undefined,
              "labels": Object {
                "kubernetes.io/metadata.name": "kube-public",
              },
              "managedFields": Array [
                V1ManagedFieldsEntry {
                  "apiVersion": "v1",
                  "fieldsType": "FieldsV1",
                  "fieldsV1": Object {
                    "f:metadata": Object {
                      "f:labels": Object {
                        ".": Object {},
                        "f:kubernetes.io/metadata.name": Object {},
                      },
                    },
                  },
                  "manager": "kube-apiserver",
                  "operation": "Update",
                  "subresource": undefined,
                  "time": 2024-01-11T15:50:15.000Z,
                },
              ],
              "name": "kube-public",
              "namespace": undefined,
              "ownerReferences": undefined,
              "resourceVersion": "20",
              "selfLink": undefined,
              "uid": "7a2ee4f7-12fd-494b-93f0-c639b1e63a72",
            },
            "spec": V1NamespaceSpec {
              "finalizers": Array [
                "kubernetes",
              ],
            },
            "status": V1NamespaceStatus {
              "conditions": undefined,
              "phase": "Active",
            },
          },
        },
      ],
      "_type": "kube_namespace",
      "active": undefined,
      "createdOn": 1704988215000,
      "deletionGracePeriodSeconds": undefined,
      "displayName": "kube-public",
      "finalizers": Array [
        "kubernetes",
      ],
      "generation": undefined,
      "name": "kube-public",
      "resourceVersion": "20",
      "status.phase": "Active",
    },
    Object {
      "_class": Array [
        "Group",
      ],
      "_key": "ce86116b-863b-4e74-979e-3c031a9aeee1",
      "_rawData": Array [
        Object {
          "name": "default",
          "rawData": V1Namespace {
            "apiVersion": undefined,
            "kind": undefined,
            "metadata": V1ObjectMeta {
              "annotations": undefined,
              "creationTimestamp": 2024-01-11T15:50:15.000Z,
              "deletionGracePeriodSeconds": undefined,
              "deletionTimestamp": undefined,
              "finalizers": undefined,
              "generateName": undefined,
              "generation": undefined,
              "labels": Object {
                "kubernetes.io/metadata.name": "kube-system",
              },
              "managedFields": Array [
                V1ManagedFieldsEntry {
                  "apiVersion": "v1",
                  "fieldsType": "FieldsV1",
                  "fieldsV1": Object {
                    "f:metadata": Object {
                      "f:labels": Object {
                        ".": Object {},
                        "f:kubernetes.io/metadata.name": Object {},
                      },
                    },
                  },
                  "manager": "kube-apiserver",
                  "operation": "Update",
                  "subresource": undefined,
                  "time": 2024-01-11T15:50:15.000Z,
                },
              ],
              "name": "kube-system",
              "namespace": undefined,
              "ownerReferences": undefined,
              "resourceVersion": "12",
              "selfLink": undefined,
              "uid": "ce86116b-863b-4e74-979e-3c031a9aeee1",
            },
            "spec": V1NamespaceSpec {
              "finalizers": Array [
                "kubernetes",
              ],
            },
            "status": V1NamespaceStatus {
              "conditions": undefined,
              "phase": "Active",
            },
          },
        },
      ],
      "_type": "kube_namespace",
      "active": undefined,
      "createdOn": 1704988215000,
      "deletionGracePeriodSeconds": undefined,
      "displayName": "kube-system",
      "finalizers": Array [
        "kubernetes",
      ],
      "generation": undefined,
      "name": "kube-system",
      "resourceVersion": "12",
      "status.phase": "Active",
    },
    Object {
      "_class": Array [
        "Disk",
      ],
      "_key": "9e7dd498-00ec-4ba1-aba7-a1df910098da/wordpress-data",
      "_rawData": Array [
        Object {
          "name": "default",
          "rawData": V1Volume {
            "awsElasticBlockStore": undefined,
            "azureDisk": undefined,
            "azureFile": undefined,
            "cephfs": undefined,
            "cinder": undefined,
            "configMap": undefined,
            "csi": undefined,
            "downwardAPI": undefined,
            "emptyDir": undefined,
            "ephemeral": undefined,
            "fc": undefined,
            "flexVolume": undefined,
            "flocker": undefined,
            "gcePersistentDisk": undefined,
            "gitRepo": undefined,
            "glusterfs": undefined,
            "hostPath": undefined,
            "iscsi": undefined,
            "name": "wordpress-data",
            "nfs": undefined,
            "persistentVolumeClaim": V1PersistentVolumeClaimVolumeSource {
              "claimName": "np-test-wordpress",
              "readOnly": undefined,
            },
            "photonPersistentDisk": undefined,
            "portworxVolume": undefined,
            "projected": undefined,
            "quobyte": undefined,
            "rbd": undefined,
            "scaleIO": undefined,
            "secret": undefined,
            "storageos": undefined,
            "vsphereVolume": undefined,
          },
        },
      ],
      "_type": "kube_volume",
      "classification": null,
      "createdOn": undefined,
      "displayName": "wordpress-data",
      "encrypted": false,
      "ephemeral.readOnly": undefined,
      "hostPath.path": undefined,
      "hostPath.type": undefined,
      "name": "wordpress-data",
    },
    Object {
      "_class": Array [
        "Configuration",
      ],
      "_key": "9e7dd498-00ec-4ba1-aba7-a1df910098da/wordpress",
      "_rawData": Array [
        Object {
          "name": "default",
          "rawData": V1Container {
            "args": undefined,
            "command": undefined,
            "env": Array [
              V1EnvVar {
                "name": "BITNAMI_DEBUG",
                "value": "false",
                "valueFrom": undefined,
              },
              V1EnvVar {
                "name": "ALLOW_EMPTY_PASSWORD",
                "value": "yes",
                "valueFrom": undefined,
              },
              V1EnvVar {
                "name": "WORDPRESS_SKIP_BOOTSTRAP",
                "value": "no",
                "valueFrom": undefined,
              },
              V1EnvVar {
                "name": "MARIADB_HOST",
                "value": "np-test-mariadb",
                "valueFrom": undefined,
              },
              V1EnvVar {
                "name": "MARIADB_PORT_NUMBER",
                "value": "3306",
                "valueFrom": undefined,
              },
              V1EnvVar {
                "name": "WORDPRESS_DATABASE_NAME",
                "value": "bitnami_wordpress",
                "valueFrom": undefined,
              },
              V1EnvVar {
                "name": "WORDPRESS_DATABASE_USER",
                "value": "bn_wordpress",
                "valueFrom": undefined,
              },
              V1EnvVar {
                "name": "WORDPRESS_DATABASE_PASSWORD",
                "value": undefined,
                "valueFrom": V1EnvVarSource {
                  "configMapKeyRef": undefined,
                  "fieldRef": undefined,
                  "resourceFieldRef": undefined,
                  "secretKeyRef": V1SecretKeySelector {
                    "key": "mariadb-password",
                    "name": "np-test-mariadb",
                    "optional": undefined,
                  },
                },
              },
              V1EnvVar {
                "name": "WORDPRESS_USERNAME",
                "value": "user",
                "valueFrom": undefined,
              },
              V1EnvVar {
                "name": "WORDPRESS_PASSWORD",
                "value": undefined,
                "valueFrom": V1EnvVarSource {
                  "configMapKeyRef": undefined,
                  "fieldRef": undefined,
                  "resourceFieldRef": undefined,
                  "secretKeyRef": V1SecretKeySelector {
                    "key": "wordpress-password",
                    "name": "np-test-wordpress",
                    "optional": undefined,
                  },
                },
              },
              V1EnvVar {
                "name": "WORDPRESS_EMAIL",
                "value": "user@example.com",
                "valueFrom": undefined,
              },
              V1EnvVar {
                "name": "WORDPRESS_FIRST_NAME",
                "value": "FirstName",
                "valueFrom": undefined,
              },
              V1EnvVar {
                "name": "WORDPRESS_LAST_NAME",
                "value": "LastName",
                "valueFrom": undefined,
              },
              V1EnvVar {
                "name": "WORDPRESS_HTACCESS_OVERRIDE_NONE",
                "value": "no",
                "valueFrom": undefined,
              },
              V1EnvVar {
                "name": "WORDPRESS_ENABLE_HTACCESS_PERSISTENCE",
                "value": "no",
                "valueFrom": undefined,
              },
              V1EnvVar {
                "name": "WORDPRESS_BLOG_NAME",
                "value": "User's Blog!",
                "valueFrom": undefined,
              },
              V1EnvVar {
                "name": "WORDPRESS_TABLE_PREFIX",
                "value": "wp_",
                "valueFrom": undefined,
              },
              V1EnvVar {
                "name": "WORDPRESS_SCHEME",
                "value": "http",
                "valueFrom": undefined,
              },
              V1EnvVar {
                "name": "WORDPRESS_EXTRA_WP_CONFIG_CONTENT",
                "value": undefined,
                "valueFrom": undefined,
              },
              V1EnvVar {
                "name": "WORDPRESS_PLUGINS",
                "value": "none",
                "valueFrom": undefined,
              },
              V1EnvVar {
                "name": "WORDPRESS_OVERRIDE_DATABASE_SETTINGS",
                "value": "no",
                "valueFrom": undefined,
              },
              V1EnvVar {
                "name": "APACHE_HTTP_PORT_NUMBER",
                "value": "8080",
                "valueFrom": undefined,
              },
              V1EnvVar {
                "name": "APACHE_HTTPS_PORT_NUMBER",
                "value": "8443",
                "valueFrom": undefined,
              },
            ],
            "envFrom": undefined,
            "image": "docker.io/bitnami/wordpress:6.4.2-debian-11-r12",
            "imagePullPolicy": "IfNotPresent",
            "lifecycle": undefined,
            "livenessProbe": V1Probe {
              "exec": undefined,
              "failureThreshold": 6,
              "grpc": undefined,
              "httpGet": V1HTTPGetAction {
                "host": undefined,
                "httpHeaders": undefined,
                "path": "/wp-admin/install.php",
                "port": "http",
                "scheme": "HTTP",
              },
              "initialDelaySeconds": 120,
              "periodSeconds": 10,
              "successThreshold": 1,
              "tcpSocket": undefined,
              "terminationGracePeriodSeconds": undefined,
              "timeoutSeconds": 5,
            },
            "name": "wordpress",
            "ports": Array [
              V1ContainerPort {
                "containerPort": 8080,
                "hostIP": undefined,
                "hostPort": undefined,
                "name": "http",
                "protocol": "TCP",
              },
              V1ContainerPort {
                "containerPort": 8443,
                "hostIP": undefined,
                "hostPort": undefined,
                "name": "https",
                "protocol": "TCP",
              },
            ],
            "readinessProbe": V1Probe {
              "exec": undefined,
              "failureThreshold": 6,
              "grpc": undefined,
              "httpGet": V1HTTPGetAction {
                "host": undefined,
                "httpHeaders": undefined,
                "path": "/wp-login.php",
                "port": "http",
                "scheme": "HTTP",
              },
              "initialDelaySeconds": 30,
              "periodSeconds": 10,
              "successThreshold": 1,
              "tcpSocket": undefined,
              "terminationGracePeriodSeconds": undefined,
              "timeoutSeconds": 5,
            },
            "resizePolicy": undefined,
            "resources": V1ResourceRequirements {
              "claims": undefined,
              "limits": undefined,
              "requests": Object {
                "cpu": "300m",
                "memory": "512Mi",
              },
            },
            "restartPolicy": undefined,
            "securityContext": V1SecurityContext {
              "allowPrivilegeEscalation": false,
              "capabilities": V1Capabilities {
                "add": undefined,
                "drop": Array [
                  "ALL",
                ],
              },
              "privileged": false,
              "procMount": undefined,
              "readOnlyRootFilesystem": false,
              "runAsGroup": undefined,
              "runAsNonRoot": true,
              "runAsUser": 1001,
              "seLinuxOptions": undefined,
              "seccompProfile": V1SeccompProfile {
                "localhostProfile": undefined,
                "type": "RuntimeDefault",
              },
              "windowsOptions": undefined,
            },
            "startupProbe": undefined,
            "stdin": undefined,
            "stdinOnce": undefined,
            "terminationMessagePath": "/dev/termination-log",
            "terminationMessagePolicy": "File",
            "tty": undefined,
            "volumeDevices": undefined,
            "volumeMounts": Array [
              V1VolumeMount {
                "mountPath": "/bitnami/wordpress",
                "mountPropagation": undefined,
                "name": "wordpress-data",
                "readOnly": undefined,
                "subPath": "wordpress",
                "subPathExpr": undefined,
              },
            ],
            "workingDir": undefined,
          },
        },
      ],
      "_type": "kube_container_spec",
      "createdOn": undefined,
      "displayName": "wordpress",
      "image": "docker.io/bitnami/wordpress:6.4.2-debian-11-r12",
      "imagePullPolicy": "IfNotPresent",
      "name": "wordpress",
      "securityContext.allowPrivilegeEscalation": false,
      "securityContext.privileged": false,
      "securityContext.procMount": undefined,
      "securityContext.readOnlyRootFilesystem": false,
      "securityContext.runAsGroup": undefined,
      "securityContext.runAsNonRoot": true,
      "securityContext.runAsUser": 1001,
    },
    Object {
      "_class": Array [
        "Deployment",
      ],
      "_key": "9e7dd498-00ec-4ba1-aba7-a1df910098da",
      "_rawData": Array [
        Object {
          "name": "default",
          "rawData": V1Deployment {
            "apiVersion": undefined,
            "kind": undefined,
            "metadata": V1ObjectMeta {
              "annotations": Object {
                "deployment.kubernetes.io/revision": "1",
                "meta.helm.sh/release-name": "np-test",
                "meta.helm.sh/release-namespace": "default",
              },
              "creationTimestamp": 2024-01-11T21:52:37.000Z,
              "deletionGracePeriodSeconds": undefined,
              "deletionTimestamp": undefined,
              "finalizers": undefined,
              "generateName": undefined,
              "generation": 1,
              "labels": Object {
                "app.kubernetes.io/instance": "np-test",
                "app.kubernetes.io/managed-by": "Helm",
                "app.kubernetes.io/name": "wordpress",
                "app.kubernetes.io/version": "6.4.2",
                "helm.sh/chart": "wordpress-19.0.5",
              },
              "managedFields": Array [
                V1ManagedFieldsEntry {
                  "apiVersion": "apps/v1",
                  "fieldsType": "FieldsV1",
                  "fieldsV1": Object {
                    "f:metadata": Object {
                      "f:annotations": Object {
                        ".": Object {},
                        "f:meta.helm.sh/release-name": Object {},
                        "f:meta.helm.sh/release-namespace": Object {},
                      },
                      "f:labels": Object {
                        ".": Object {},
                        "f:app.kubernetes.io/instance": Object {},
                        "f:app.kubernetes.io/managed-by": Object {},
                        "f:app.kubernetes.io/name": Object {},
                        "f:app.kubernetes.io/version": Object {},
                        "f:helm.sh/chart": Object {},
                      },
                    },
                    "f:spec": Object {
                      "f:progressDeadlineSeconds": Object {},
                      "f:replicas": Object {},
                      "f:revisionHistoryLimit": Object {},
                      "f:selector": Object {},
                      "f:strategy": Object {
                        "f:rollingUpdate": Object {
                          ".": Object {},
                          "f:maxSurge": Object {},
                          "f:maxUnavailable": Object {},
                        },
                        "f:type": Object {},
                      },
                      "f:template": Object {
                        "f:metadata": Object {
                          "f:labels": Object {
                            ".": Object {},
                            "f:app.kubernetes.io/instance": Object {},
                            "f:app.kubernetes.io/managed-by": Object {},
                            "f:app.kubernetes.io/name": Object {},
                            "f:app.kubernetes.io/version": Object {},
                            "f:helm.sh/chart": Object {},
                          },
                        },
                        "f:spec": Object {
                          "f:affinity": Object {
                            ".": Object {},
                            "f:podAntiAffinity": Object {
                              ".": Object {},
                              "f:preferredDuringSchedulingIgnoredDuringExecution": Object {},
                            },
                          },
                          "f:containers": Object {
                            "k:{\\"name\\":\\"wordpress\\"}": Object {
                              ".": Object {},
                              "f:env": Object {
                                ".": Object {},
                                "k:{\\"name\\":\\"ALLOW_EMPTY_PASSWORD\\"}": Object {
                                  ".": Object {},
                                  "f:name": Object {},
                                  "f:value": Object {},
                                },
                                "k:{\\"name\\":\\"APACHE_HTTPS_PORT_NUMBER\\"}": Object {
                                  ".": Object {},
                                  "f:name": Object {},
                                  "f:value": Object {},
                                },
                                "k:{\\"name\\":\\"APACHE_HTTP_PORT_NUMBER\\"}": Object {
                                  ".": Object {},
                                  "f:name": Object {},
                                  "f:value": Object {},
                                },
                                "k:{\\"name\\":\\"BITNAMI_DEBUG\\"}": Object {
                                  ".": Object {},
                                  "f:name": Object {},
                                  "f:value": Object {},
                                },
                                "k:{\\"name\\":\\"MARIADB_HOST\\"}": Object {
                                  ".": Object {},
                                  "f:name": Object {},
                                  "f:value": Object {},
                                },
                                "k:{\\"name\\":\\"MARIADB_PORT_NUMBER\\"}": Object {
                                  ".": Object {},
                                  "f:name": Object {},
                                  "f:value": Object {},
                                },
                                "k:{\\"name\\":\\"WORDPRESS_BLOG_NAME\\"}": Object {
                                  ".": Object {},
                                  "f:name": Object {},
                                  "f:value": Object {},
                                },
                                "k:{\\"name\\":\\"WORDPRESS_DATABASE_NAME\\"}": Object {
                                  ".": Object {},
                                  "f:name": Object {},
                                  "f:value": Object {},
                                },
                                "k:{\\"name\\":\\"WORDPRESS_DATABASE_PASSWORD\\"}": Object {
                                  ".": Object {},
                                  "f:name": Object {},
                                  "f:valueFrom": Object {
                                    ".": Object {},
                                    "f:secretKeyRef": Object {},
                                  },
                                },
                                "k:{\\"name\\":\\"WORDPRESS_DATABASE_USER\\"}": Object {
                                  ".": Object {},
                                  "f:name": Object {},
                                  "f:value": Object {},
                                },
                                "k:{\\"name\\":\\"WORDPRESS_EMAIL\\"}": Object {
                                  ".": Object {},
                                  "f:name": Object {},
                                  "f:value": Object {},
                                },
                                "k:{\\"name\\":\\"WORDPRESS_ENABLE_HTACCESS_PERSISTENCE\\"}": Object {
                                  ".": Object {},
                                  "f:name": Object {},
                                  "f:value": Object {},
                                },
                                "k:{\\"name\\":\\"WORDPRESS_EXTRA_WP_CONFIG_CONTENT\\"}": Object {
                                  ".": Object {},
                                  "f:name": Object {},
                                },
                                "k:{\\"name\\":\\"WORDPRESS_FIRST_NAME\\"}": Object {
                                  ".": Object {},
                                  "f:name": Object {},
                                  "f:value": Object {},
                                },
                                "k:{\\"name\\":\\"WORDPRESS_HTACCESS_OVERRIDE_NONE\\"}": Object {
                                  ".": Object {},
                                  "f:name": Object {},
                                  "f:value": Object {},
                                },
                                "k:{\\"name\\":\\"WORDPRESS_LAST_NAME\\"}": Object {
                                  ".": Object {},
                                  "f:name": Object {},
                                  "f:value": Object {},
                                },
                                "k:{\\"name\\":\\"WORDPRESS_OVERRIDE_DATABASE_SETTINGS\\"}": Object {
                                  ".": Object {},
                                  "f:name": Object {},
                                  "f:value": Object {},
                                },
                                "k:{\\"name\\":\\"WORDPRESS_PASSWORD\\"}": Object {
                                  ".": Object {},
                                  "f:name": Object {},
                                  "f:valueFrom": Object {
                                    ".": Object {},
                                    "f:secretKeyRef": Object {},
                                  },
                                },
                                "k:{\\"name\\":\\"WORDPRESS_PLUGINS\\"}": Object {
                                  ".": Object {},
                                  "f:name": Object {},
                                  "f:value": Object {},
                                },
                                "k:{\\"name\\":\\"WORDPRESS_SCHEME\\"}": Object {
                                  ".": Object {},
                                  "f:name": Object {},
                                  "f:value": Object {},
                                },
                                "k:{\\"name\\":\\"WORDPRESS_SKIP_BOOTSTRAP\\"}": Object {
                                  ".": Object {},
                                  "f:name": Object {},
                                  "f:value": Object {},
                                },
                                "k:{\\"name\\":\\"WORDPRESS_TABLE_PREFIX\\"}": Object {
                                  ".": Object {},
                                  "f:name": Object {},
                                  "f:value": Object {},
                                },
                                "k:{\\"name\\":\\"WORDPRESS_USERNAME\\"}": Object {
                                  ".": Object {},
                                  "f:name": Object {},
                                  "f:value": Object {},
                                },
                              },
                              "f:image": Object {},
                              "f:imagePullPolicy": Object {},
                              "f:livenessProbe": Object {
                                ".": Object {},
                                "f:failureThreshold": Object {},
                                "f:httpGet": Object {
                                  ".": Object {},
                                  "f:path": Object {},
                                  "f:port": Object {},
                                  "f:scheme": Object {},
                                },
                                "f:initialDelaySeconds": Object {},
                                "f:periodSeconds": Object {},
                                "f:successThreshold": Object {},
                                "f:timeoutSeconds": Object {},
                              },
                              "f:name": Object {},
                              "f:ports": Object {
                                ".": Object {},
                                "k:{\\"containerPort\\":8080,\\"protocol\\":\\"TCP\\"}": Object {
                                  ".": Object {},
                                  "f:containerPort": Object {},
                                  "f:name": Object {},
                                  "f:protocol": Object {},
                                },
                                "k:{\\"containerPort\\":8443,\\"protocol\\":\\"TCP\\"}": Object {
                                  ".": Object {},
                                  "f:containerPort": Object {},
                                  "f:name": Object {},
                                  "f:protocol": Object {},
                                },
                              },
                              "f:readinessProbe": Object {
                                ".": Object {},
                                "f:failureThreshold": Object {},
                                "f:httpGet": Object {
                                  ".": Object {},
                                  "f:path": Object {},
                                  "f:port": Object {},
                                  "f:scheme": Object {},
                                },
                                "f:initialDelaySeconds": Object {},
                                "f:periodSeconds": Object {},
                                "f:successThreshold": Object {},
                                "f:timeoutSeconds": Object {},
                              },
                              "f:resources": Object {
                                ".": Object {},
                                "f:requests": Object {
                                  ".": Object {},
                                  "f:cpu": Object {},
                                  "f:memory": Object {},
                                },
                              },
                              "f:securityContext": Object {
                                ".": Object {},
                                "f:allowPrivilegeEscalation": Object {},
                                "f:capabilities": Object {
                                  ".": Object {},
                                  "f:drop": Object {},
                                },
                                "f:privileged": Object {},
                                "f:readOnlyRootFilesystem": Object {},
                                "f:runAsNonRoot": Object {},
                                "f:runAsUser": Object {},
                                "f:seccompProfile": Object {
                                  ".": Object {},
                                  "f:type": Object {},
                                },
                              },
                              "f:terminationMessagePath": Object {},
                              "f:terminationMessagePolicy": Object {},
                              "f:volumeMounts": Object {
                                ".": Object {},
                                "k:{\\"mountPath\\":\\"/bitnami/wordpress\\"}": Object {
                                  ".": Object {},
                                  "f:mountPath": Object {},
                                  "f:name": Object {},
                                  "f:subPath": Object {},
                                },
                              },
                            },
                          },
                          "f:dnsPolicy": Object {},
                          "f:hostAliases": Object {
                            ".": Object {},
                            "k:{\\"ip\\":\\"127.0.0.1\\"}": Object {
                              ".": Object {},
                              "f:hostnames": Object {},
                              "f:ip": Object {},
                            },
                          },
                          "f:restartPolicy": Object {},
                          "f:schedulerName": Object {},
                          "f:securityContext": Object {
                            ".": Object {},
                            "f:fsGroup": Object {},
                          },
                          "f:serviceAccount": Object {},
                          "f:serviceAccountName": Object {},
                          "f:terminationGracePeriodSeconds": Object {},
                          "f:volumes": Object {
                            ".": Object {},
                            "k:{\\"name\\":\\"wordpress-data\\"}": Object {
                              ".": Object {},
                              "f:name": Object {},
                              "f:persistentVolumeClaim": Object {
                                ".": Object {},
                                "f:claimName": Object {},
                              },
                            },
                          },
                        },
                      },
                    },
                  },
                  "manager": "helm",
                  "operation": "Update",
                  "subresource": undefined,
                  "time": 2024-01-11T21:52:37.000Z,
                },
                V1ManagedFieldsEntry {
                  "apiVersion": "apps/v1",
                  "fieldsType": "FieldsV1",
                  "fieldsV1": Object {
                    "f:metadata": Object {
                      "f:annotations": Object {
                        "f:deployment.kubernetes.io/revision": Object {},
                      },
                    },
                    "f:status": Object {
                      "f:availableReplicas": Object {},
                      "f:conditions": Object {
                        ".": Object {},
                        "k:{\\"type\\":\\"Available\\"}": Object {
                          ".": Object {},
                          "f:lastTransitionTime": Object {},
                          "f:lastUpdateTime": Object {},
                          "f:message": Object {},
                          "f:reason": Object {},
                          "f:status": Object {},
                          "f:type": Object {},
                        },
                        "k:{\\"type\\":\\"Progressing\\"}": Object {
                          ".": Object {},
                          "f:lastTransitionTime": Object {},
                          "f:lastUpdateTime": Object {},
                          "f:message": Object {},
                          "f:reason": Object {},
                          "f:status": Object {},
                          "f:type": Object {},
                        },
                      },
                      "f:observedGeneration": Object {},
                      "f:readyReplicas": Object {},
                      "f:replicas": Object {},
                      "f:updatedReplicas": Object {},
                    },
                  },
                  "manager": "kube-controller-manager",
                  "operation": "Update",
                  "subresource": "status",
                  "time": 2024-01-12T14:10:35.000Z,
                },
              ],
              "name": "np-test-wordpress",
              "namespace": "default",
              "ownerReferences": undefined,
              "resourceVersion": "36614",
              "selfLink": undefined,
              "uid": "9e7dd498-00ec-4ba1-aba7-a1df910098da",
            },
            "spec": V1DeploymentSpec {
              "minReadySeconds": undefined,
              "paused": undefined,
              "progressDeadlineSeconds": 600,
              "replicas": 1,
              "revisionHistoryLimit": 10,
              "selector": V1LabelSelector {
                "matchExpressions": undefined,
                "matchLabels": Object {
                  "app.kubernetes.io/instance": "np-test",
                  "app.kubernetes.io/name": "wordpress",
                },
              },
              "strategy": V1DeploymentStrategy {
                "rollingUpdate": V1RollingUpdateDeployment {
                  "maxSurge": "25%",
                  "maxUnavailable": "25%",
                },
                "type": "RollingUpdate",
              },
              "template": V1PodTemplateSpec {
                "metadata": V1ObjectMeta {
                  "annotations": undefined,
                  "creationTimestamp": null,
                  "deletionGracePeriodSeconds": undefined,
                  "deletionTimestamp": undefined,
                  "finalizers": undefined,
                  "generateName": undefined,
                  "generation": undefined,
                  "labels": Object {
                    "app.kubernetes.io/instance": "np-test",
                    "app.kubernetes.io/managed-by": "Helm",
                    "app.kubernetes.io/name": "wordpress",
                    "app.kubernetes.io/version": "6.4.2",
                    "helm.sh/chart": "wordpress-19.0.5",
                  },
                  "managedFields": undefined,
                  "name": undefined,
                  "namespace": undefined,
                  "ownerReferences": undefined,
                  "resourceVersion": undefined,
                  "selfLink": undefined,
                  "uid": undefined,
                },
                "spec": V1PodSpec {
                  "activeDeadlineSeconds": undefined,
                  "affinity": V1Affinity {
                    "nodeAffinity": undefined,
                    "podAffinity": undefined,
                    "podAntiAffinity": V1PodAntiAffinity {
                      "preferredDuringSchedulingIgnoredDuringExecution": Array [
                        V1WeightedPodAffinityTerm {
                          "podAffinityTerm": V1PodAffinityTerm {
                            "labelSelector": V1LabelSelector {
                              "matchExpressions": undefined,
                              "matchLabels": Object {
                                "app.kubernetes.io/instance": "np-test",
                                "app.kubernetes.io/name": "wordpress",
                              },
                            },
                            "namespaceSelector": undefined,
                            "namespaces": undefined,
                            "topologyKey": "kubernetes.io/hostname",
                          },
                          "weight": 1,
                        },
                      ],
                      "requiredDuringSchedulingIgnoredDuringExecution": undefined,
                    },
                  },
                  "automountServiceAccountToken": undefined,
                  "containers": Array [
                    V1Container {
                      "args": undefined,
                      "command": undefined,
                      "env": Array [
                        V1EnvVar {
                          "name": "BITNAMI_DEBUG",
                          "value": "false",
                          "valueFrom": undefined,
                        },
                        V1EnvVar {
                          "name": "ALLOW_EMPTY_PASSWORD",
                          "value": "yes",
                          "valueFrom": undefined,
                        },
                        V1EnvVar {
                          "name": "WORDPRESS_SKIP_BOOTSTRAP",
                          "value": "no",
                          "valueFrom": undefined,
                        },
                        V1EnvVar {
                          "name": "MARIADB_HOST",
                          "value": "np-test-mariadb",
                          "valueFrom": undefined,
                        },
                        V1EnvVar {
                          "name": "MARIADB_PORT_NUMBER",
                          "value": "3306",
                          "valueFrom": undefined,
                        },
                        V1EnvVar {
                          "name": "WORDPRESS_DATABASE_NAME",
                          "value": "bitnami_wordpress",
                          "valueFrom": undefined,
                        },
                        V1EnvVar {
                          "name": "WORDPRESS_DATABASE_USER",
                          "value": "bn_wordpress",
                          "valueFrom": undefined,
                        },
                        V1EnvVar {
                          "name": "WORDPRESS_DATABASE_PASSWORD",
                          "value": undefined,
                          "valueFrom": V1EnvVarSource {
                            "configMapKeyRef": undefined,
                            "fieldRef": undefined,
                            "resourceFieldRef": undefined,
                            "secretKeyRef": V1SecretKeySelector {
                              "key": "mariadb-password",
                              "name": "np-test-mariadb",
                              "optional": undefined,
                            },
                          },
                        },
                        V1EnvVar {
                          "name": "WORDPRESS_USERNAME",
                          "value": "user",
                          "valueFrom": undefined,
                        },
                        V1EnvVar {
                          "name": "WORDPRESS_PASSWORD",
                          "value": undefined,
                          "valueFrom": V1EnvVarSource {
                            "configMapKeyRef": undefined,
                            "fieldRef": undefined,
                            "resourceFieldRef": undefined,
                            "secretKeyRef": V1SecretKeySelector {
                              "key": "wordpress-password",
                              "name": "np-test-wordpress",
                              "optional": undefined,
                            },
                          },
                        },
                        V1EnvVar {
                          "name": "WORDPRESS_EMAIL",
                          "value": "user@example.com",
                          "valueFrom": undefined,
                        },
                        V1EnvVar {
                          "name": "WORDPRESS_FIRST_NAME",
                          "value": "FirstName",
                          "valueFrom": undefined,
                        },
                        V1EnvVar {
                          "name": "WORDPRESS_LAST_NAME",
                          "value": "LastName",
                          "valueFrom": undefined,
                        },
                        V1EnvVar {
                          "name": "WORDPRESS_HTACCESS_OVERRIDE_NONE",
                          "value": "no",
                          "valueFrom": undefined,
                        },
                        V1EnvVar {
                          "name": "WORDPRESS_ENABLE_HTACCESS_PERSISTENCE",
                          "value": "no",
                          "valueFrom": undefined,
                        },
                        V1EnvVar {
                          "name": "WORDPRESS_BLOG_NAME",
                          "value": "User's Blog!",
                          "valueFrom": undefined,
                        },
                        V1EnvVar {
                          "name": "WORDPRESS_TABLE_PREFIX",
                          "value": "wp_",
                          "valueFrom": undefined,
                        },
                        V1EnvVar {
                          "name": "WORDPRESS_SCHEME",
                          "value": "http",
                          "valueFrom": undefined,
                        },
                        V1EnvVar {
                          "name": "WORDPRESS_EXTRA_WP_CONFIG_CONTENT",
                          "value": undefined,
                          "valueFrom": undefined,
                        },
                        V1EnvVar {
                          "name": "WORDPRESS_PLUGINS",
                          "value": "none",
                          "valueFrom": undefined,
                        },
                        V1EnvVar {
                          "name": "WORDPRESS_OVERRIDE_DATABASE_SETTINGS",
                          "value": "no",
                          "valueFrom": undefined,
                        },
                        V1EnvVar {
                          "name": "APACHE_HTTP_PORT_NUMBER",
                          "value": "8080",
                          "valueFrom": undefined,
                        },
                        V1EnvVar {
                          "name": "APACHE_HTTPS_PORT_NUMBER",
                          "value": "8443",
                          "valueFrom": undefined,
                        },
                      ],
                      "envFrom": undefined,
                      "image": "docker.io/bitnami/wordpress:6.4.2-debian-11-r12",
                      "imagePullPolicy": "IfNotPresent",
                      "lifecycle": undefined,
                      "livenessProbe": V1Probe {
                        "exec": undefined,
                        "failureThreshold": 6,
                        "grpc": undefined,
                        "httpGet": V1HTTPGetAction {
                          "host": undefined,
                          "httpHeaders": undefined,
                          "path": "/wp-admin/install.php",
                          "port": "http",
                          "scheme": "HTTP",
                        },
                        "initialDelaySeconds": 120,
                        "periodSeconds": 10,
                        "successThreshold": 1,
                        "tcpSocket": undefined,
                        "terminationGracePeriodSeconds": undefined,
                        "timeoutSeconds": 5,
                      },
                      "name": "wordpress",
                      "ports": Array [
                        V1ContainerPort {
                          "containerPort": 8080,
                          "hostIP": undefined,
                          "hostPort": undefined,
                          "name": "http",
                          "protocol": "TCP",
                        },
                        V1ContainerPort {
                          "containerPort": 8443,
                          "hostIP": undefined,
                          "hostPort": undefined,
                          "name": "https",
                          "protocol": "TCP",
                        },
                      ],
                      "readinessProbe": V1Probe {
                        "exec": undefined,
                        "failureThreshold": 6,
                        "grpc": undefined,
                        "httpGet": V1HTTPGetAction {
                          "host": undefined,
                          "httpHeaders": undefined,
                          "path": "/wp-login.php",
                          "port": "http",
                          "scheme": "HTTP",
                        },
                        "initialDelaySeconds": 30,
                        "periodSeconds": 10,
                        "successThreshold": 1,
                        "tcpSocket": undefined,
                        "terminationGracePeriodSeconds": undefined,
                        "timeoutSeconds": 5,
                      },
                      "resizePolicy": undefined,
                      "resources": V1ResourceRequirements {
                        "claims": undefined,
                        "limits": undefined,
                        "requests": Object {
                          "cpu": "300m",
                          "memory": "512Mi",
                        },
                      },
                      "restartPolicy": undefined,
                      "securityContext": V1SecurityContext {
                        "allowPrivilegeEscalation": false,
                        "capabilities": V1Capabilities {
                          "add": undefined,
                          "drop": Array [
                            "ALL",
                          ],
                        },
                        "privileged": false,
                        "procMount": undefined,
                        "readOnlyRootFilesystem": false,
                        "runAsGroup": undefined,
                        "runAsNonRoot": true,
                        "runAsUser": 1001,
                        "seLinuxOptions": undefined,
                        "seccompProfile": V1SeccompProfile {
                          "localhostProfile": undefined,
                          "type": "RuntimeDefault",
                        },
                        "windowsOptions": undefined,
                      },
                      "startupProbe": undefined,
                      "stdin": undefined,
                      "stdinOnce": undefined,
                      "terminationMessagePath": "/dev/termination-log",
                      "terminationMessagePolicy": "File",
                      "tty": undefined,
                      "volumeDevices": undefined,
                      "volumeMounts": Array [
                        V1VolumeMount {
                          "mountPath": "/bitnami/wordpress",
                          "mountPropagation": undefined,
                          "name": "wordpress-data",
                          "readOnly": undefined,
                          "subPath": "wordpress",
                          "subPathExpr": undefined,
                        },
                      ],
                      "workingDir": undefined,
                    },
                  ],
                  "dnsConfig": undefined,
                  "dnsPolicy": "ClusterFirst",
                  "enableServiceLinks": undefined,
                  "ephemeralContainers": undefined,
                  "hostAliases": Array [
                    V1HostAlias {
                      "hostnames": Array [
                        "status.localhost",
                      ],
                      "ip": "127.0.0.1",
                    },
                  ],
                  "hostIPC": undefined,
                  "hostNetwork": undefined,
                  "hostPID": undefined,
                  "hostUsers": undefined,
                  "hostname": undefined,
                  "imagePullSecrets": undefined,
                  "initContainers": undefined,
                  "nodeName": undefined,
                  "nodeSelector": undefined,
                  "os": undefined,
                  "overhead": undefined,
                  "preemptionPolicy": undefined,
                  "priority": undefined,
                  "priorityClassName": undefined,
                  "readinessGates": undefined,
                  "resourceClaims": undefined,
                  "restartPolicy": "Always",
                  "runtimeClassName": undefined,
                  "schedulerName": "default-scheduler",
                  "schedulingGates": undefined,
                  "securityContext": V1PodSecurityContext {
                    "fsGroup": 1001,
                    "fsGroupChangePolicy": undefined,
                    "runAsGroup": undefined,
                    "runAsNonRoot": undefined,
                    "runAsUser": undefined,
                    "seLinuxOptions": undefined,
                    "seccompProfile": undefined,
                    "supplementalGroups": undefined,
                    "sysctls": undefined,
                    "windowsOptions": undefined,
                  },
                  "serviceAccount": "default",
                  "serviceAccountName": "default",
                  "setHostnameAsFQDN": undefined,
                  "shareProcessNamespace": undefined,
                  "subdomain": undefined,
                  "terminationGracePeriodSeconds": 30,
                  "tolerations": undefined,
                  "topologySpreadConstraints": undefined,
                  "volumes": Array [
                    V1Volume {
                      "awsElasticBlockStore": undefined,
                      "azureDisk": undefined,
                      "azureFile": undefined,
                      "cephfs": undefined,
                      "cinder": undefined,
                      "configMap": undefined,
                      "csi": undefined,
                      "downwardAPI": undefined,
                      "emptyDir": undefined,
                      "ephemeral": undefined,
                      "fc": undefined,
                      "flexVolume": undefined,
                      "flocker": undefined,
                      "gcePersistentDisk": undefined,
                      "gitRepo": undefined,
                      "glusterfs": undefined,
                      "hostPath": undefined,
                      "iscsi": undefined,
                      "name": "wordpress-data",
                      "nfs": undefined,
                      "persistentVolumeClaim": V1PersistentVolumeClaimVolumeSource {
                        "claimName": "np-test-wordpress",
                        "readOnly": undefined,
                      },
                      "photonPersistentDisk": undefined,
                      "portworxVolume": undefined,
                      "projected": undefined,
                      "quobyte": undefined,
                      "rbd": undefined,
                      "scaleIO": undefined,
                      "secret": undefined,
                      "storageos": undefined,
                      "vsphereVolume": undefined,
                    },
                  ],
                },
              },
            },
            "status": V1DeploymentStatus {
              "availableReplicas": 1,
              "collisionCount": undefined,
              "conditions": Array [
                V1DeploymentCondition {
                  "lastTransitionTime": 2024-01-11T21:52:37.000Z,
                  "lastUpdateTime": 2024-01-11T21:53:58.000Z,
                  "message": "ReplicaSet \\"np-test-wordpress-79f948fb6\\" has successfully progressed.",
                  "reason": "NewReplicaSetAvailable",
                  "status": "True",
                  "type": "Progressing",
                },
                V1DeploymentCondition {
                  "lastTransitionTime": 2024-01-12T14:10:35.000Z,
                  "lastUpdateTime": 2024-01-12T14:10:35.000Z,
                  "message": "Deployment has minimum availability.",
                  "reason": "MinimumReplicasAvailable",
                  "status": "True",
                  "type": "Available",
                },
              ],
              "observedGeneration": 1,
              "readyReplicas": 1,
              "replicas": 1,
              "unavailableReplicas": undefined,
              "updatedReplicas": 1,
            },
          },
        },
      ],
      "_type": "kube_deployment",
      "active": undefined,
      "createdOn": 1705009957000,
      "deletionGracePeriodSeconds": undefined,
      "displayName": "np-test-wordpress",
      "generation": 1,
      "minReadySeconds": undefined,
      "name": "np-test-wordpress",
      "paused": undefined,
      "progressDeadlineSeconds": 600,
      "replicas": 1,
      "resourceVersion": "36614",
      "revisionHistoryLimit": 10,
      "status.availableReplicas": 1,
      "status.collisionCount": undefined,
      "status.observedGeneration": 1,
      "status.readyReplicas": 1,
      "status.replicas": 1,
      "status.unavailableReplicas": undefined,
      "status.updatedReplicas": 1,
      "strategy.maxSurge": "25%",
      "strategy.maxUnavailable": "25%",
      "strategy.type": "RollingUpdate",
    },
    Object {
      "_class": Array [
        "Disk",
      ],
      "_key": "a5ab61e9-a5ff-458d-8a99-a21cbe5e94cb/config-volume",
      "_rawData": Array [
        Object {
          "name": "default",
          "rawData": V1Volume {
            "awsElasticBlockStore": undefined,
            "azureDisk": undefined,
            "azureFile": undefined,
            "cephfs": undefined,
            "cinder": undefined,
            "configMap": V1ConfigMapVolumeSource {
              "defaultMode": 420,
              "items": Array [
                V1KeyToPath {
                  "key": "Corefile",
                  "mode": undefined,
                  "path": "Corefile",
                },
              ],
              "name": "coredns",
              "optional": undefined,
            },
            "csi": undefined,
            "downwardAPI": undefined,
            "emptyDir": undefined,
            "ephemeral": undefined,
            "fc": undefined,
            "flexVolume": undefined,
            "flocker": undefined,
            "gcePersistentDisk": undefined,
            "gitRepo": undefined,
            "glusterfs": undefined,
            "hostPath": undefined,
            "iscsi": undefined,
            "name": "config-volume",
            "nfs": undefined,
            "persistentVolumeClaim": undefined,
            "photonPersistentDisk": undefined,
            "portworxVolume": undefined,
            "projected": undefined,
            "quobyte": undefined,
            "rbd": undefined,
            "scaleIO": undefined,
            "secret": undefined,
            "storageos": undefined,
            "vsphereVolume": undefined,
          },
        },
      ],
      "_type": "kube_volume",
      "classification": null,
      "createdOn": undefined,
      "displayName": "config-volume",
      "encrypted": false,
      "ephemeral.readOnly": undefined,
      "hostPath.path": undefined,
      "hostPath.type": undefined,
      "name": "config-volume",
    },
    Object {
      "_class": Array [
        "Configuration",
      ],
      "_key": "a5ab61e9-a5ff-458d-8a99-a21cbe5e94cb/coredns",
      "_rawData": Array [
        Object {
          "name": "default",
          "rawData": V1Container {
            "args": Array [
              "-conf",
              "/etc/coredns/Corefile",
            ],
            "command": undefined,
            "env": undefined,
            "envFrom": undefined,
            "image": "registry.k8s.io/coredns/coredns:v1.10.1",
            "imagePullPolicy": "IfNotPresent",
            "lifecycle": undefined,
            "livenessProbe": V1Probe {
              "exec": undefined,
              "failureThreshold": 5,
              "grpc": undefined,
              "httpGet": V1HTTPGetAction {
                "host": undefined,
                "httpHeaders": undefined,
                "path": "/health",
                "port": 8080,
                "scheme": "HTTP",
              },
              "initialDelaySeconds": 60,
              "periodSeconds": 10,
              "successThreshold": 1,
              "tcpSocket": undefined,
              "terminationGracePeriodSeconds": undefined,
              "timeoutSeconds": 5,
            },
            "name": "coredns",
            "ports": Array [
              V1ContainerPort {
                "containerPort": 53,
                "hostIP": undefined,
                "hostPort": undefined,
                "name": "dns",
                "protocol": "UDP",
              },
              V1ContainerPort {
                "containerPort": 53,
                "hostIP": undefined,
                "hostPort": undefined,
                "name": "dns-tcp",
                "protocol": "TCP",
              },
              V1ContainerPort {
                "containerPort": 9153,
                "hostIP": undefined,
                "hostPort": undefined,
                "name": "metrics",
                "protocol": "TCP",
              },
            ],
            "readinessProbe": V1Probe {
              "exec": undefined,
              "failureThreshold": 3,
              "grpc": undefined,
              "httpGet": V1HTTPGetAction {
                "host": undefined,
                "httpHeaders": undefined,
                "path": "/ready",
                "port": 8181,
                "scheme": "HTTP",
              },
              "initialDelaySeconds": undefined,
              "periodSeconds": 10,
              "successThreshold": 1,
              "tcpSocket": undefined,
              "terminationGracePeriodSeconds": undefined,
              "timeoutSeconds": 1,
            },
            "resizePolicy": undefined,
            "resources": V1ResourceRequirements {
              "claims": undefined,
              "limits": Object {
                "memory": "170Mi",
              },
              "requests": Object {
                "cpu": "100m",
                "memory": "70Mi",
              },
            },
            "restartPolicy": undefined,
            "securityContext": V1SecurityContext {
              "allowPrivilegeEscalation": false,
              "capabilities": V1Capabilities {
                "add": Array [
                  "NET_BIND_SERVICE",
                ],
                "drop": Array [
                  "all",
                ],
              },
              "privileged": undefined,
              "procMount": undefined,
              "readOnlyRootFilesystem": true,
              "runAsGroup": undefined,
              "runAsNonRoot": undefined,
              "runAsUser": undefined,
              "seLinuxOptions": undefined,
              "seccompProfile": undefined,
              "windowsOptions": undefined,
            },
            "startupProbe": undefined,
            "stdin": undefined,
            "stdinOnce": undefined,
            "terminationMessagePath": "/dev/termination-log",
            "terminationMessagePolicy": "File",
            "tty": undefined,
            "volumeDevices": undefined,
            "volumeMounts": Array [
              V1VolumeMount {
                "mountPath": "/etc/coredns",
                "mountPropagation": undefined,
                "name": "config-volume",
                "readOnly": true,
                "subPath": undefined,
                "subPathExpr": undefined,
              },
            ],
            "workingDir": undefined,
          },
        },
      ],
      "_type": "kube_container_spec",
      "createdOn": undefined,
      "displayName": "coredns",
      "image": "registry.k8s.io/coredns/coredns:v1.10.1",
      "imagePullPolicy": "IfNotPresent",
      "name": "coredns",
      "securityContext.allowPrivilegeEscalation": false,
      "securityContext.privileged": undefined,
      "securityContext.procMount": undefined,
      "securityContext.readOnlyRootFilesystem": true,
      "securityContext.runAsGroup": undefined,
      "securityContext.runAsNonRoot": undefined,
      "securityContext.runAsUser": undefined,
    },
    Object {
      "_class": Array [
        "Deployment",
      ],
      "_key": "a5ab61e9-a5ff-458d-8a99-a21cbe5e94cb",
      "_rawData": Array [
        Object {
          "name": "default",
          "rawData": V1Deployment {
            "apiVersion": undefined,
            "kind": undefined,
            "metadata": V1ObjectMeta {
              "annotations": Object {
                "deployment.kubernetes.io/revision": "1",
              },
              "creationTimestamp": 2024-01-11T15:50:18.000Z,
              "deletionGracePeriodSeconds": undefined,
              "deletionTimestamp": undefined,
              "finalizers": undefined,
              "generateName": undefined,
              "generation": 1,
              "labels": Object {
                "k8s-app": "kube-dns",
              },
              "managedFields": Array [
                V1ManagedFieldsEntry {
                  "apiVersion": "apps/v1",
                  "fieldsType": "FieldsV1",
                  "fieldsV1": Object {
                    "f:metadata": Object {
                      "f:labels": Object {
                        ".": Object {},
                        "f:k8s-app": Object {},
                      },
                    },
                    "f:spec": Object {
                      "f:progressDeadlineSeconds": Object {},
                      "f:replicas": Object {},
                      "f:revisionHistoryLimit": Object {},
                      "f:selector": Object {},
                      "f:strategy": Object {
                        "f:rollingUpdate": Object {
                          ".": Object {},
                          "f:maxSurge": Object {},
                          "f:maxUnavailable": Object {},
                        },
                        "f:type": Object {},
                      },
                      "f:template": Object {
                        "f:metadata": Object {
                          "f:labels": Object {
                            ".": Object {},
                            "f:k8s-app": Object {},
                          },
                        },
                        "f:spec": Object {
                          "f:affinity": Object {
                            ".": Object {},
                            "f:podAntiAffinity": Object {
                              ".": Object {},
                              "f:preferredDuringSchedulingIgnoredDuringExecution": Object {},
                            },
                          },
                          "f:containers": Object {
                            "k:{\\"name\\":\\"coredns\\"}": Object {
                              ".": Object {},
                              "f:args": Object {},
                              "f:image": Object {},
                              "f:imagePullPolicy": Object {},
                              "f:livenessProbe": Object {
                                ".": Object {},
                                "f:failureThreshold": Object {},
                                "f:httpGet": Object {
                                  ".": Object {},
                                  "f:path": Object {},
                                  "f:port": Object {},
                                  "f:scheme": Object {},
                                },
                                "f:initialDelaySeconds": Object {},
                                "f:periodSeconds": Object {},
                                "f:successThreshold": Object {},
                                "f:timeoutSeconds": Object {},
                              },
                              "f:name": Object {},
                              "f:ports": Object {
                                ".": Object {},
                                "k:{\\"containerPort\\":53,\\"protocol\\":\\"TCP\\"}": Object {
                                  ".": Object {},
                                  "f:containerPort": Object {},
                                  "f:name": Object {},
                                  "f:protocol": Object {},
                                },
                                "k:{\\"containerPort\\":53,\\"protocol\\":\\"UDP\\"}": Object {
                                  ".": Object {},
                                  "f:containerPort": Object {},
                                  "f:name": Object {},
                                  "f:protocol": Object {},
                                },
                                "k:{\\"containerPort\\":9153,\\"protocol\\":\\"TCP\\"}": Object {
                                  ".": Object {},
                                  "f:containerPort": Object {},
                                  "f:name": Object {},
                                  "f:protocol": Object {},
                                },
                              },
                              "f:readinessProbe": Object {
                                ".": Object {},
                                "f:failureThreshold": Object {},
                                "f:httpGet": Object {
                                  ".": Object {},
                                  "f:path": Object {},
                                  "f:port": Object {},
                                  "f:scheme": Object {},
                                },
                                "f:periodSeconds": Object {},
                                "f:successThreshold": Object {},
                                "f:timeoutSeconds": Object {},
                              },
                              "f:resources": Object {
                                ".": Object {},
                                "f:limits": Object {
                                  ".": Object {},
                                  "f:memory": Object {},
                                },
                                "f:requests": Object {
                                  ".": Object {},
                                  "f:cpu": Object {},
                                  "f:memory": Object {},
                                },
                              },
                              "f:securityContext": Object {
                                ".": Object {},
                                "f:allowPrivilegeEscalation": Object {},
                                "f:capabilities": Object {
                                  ".": Object {},
                                  "f:add": Object {},
                                  "f:drop": Object {},
                                },
                                "f:readOnlyRootFilesystem": Object {},
                              },
                              "f:terminationMessagePath": Object {},
                              "f:terminationMessagePolicy": Object {},
                              "f:volumeMounts": Object {
                                ".": Object {},
                                "k:{\\"mountPath\\":\\"/etc/coredns\\"}": Object {
                                  ".": Object {},
                                  "f:mountPath": Object {},
                                  "f:name": Object {},
                                  "f:readOnly": Object {},
                                },
                              },
                            },
                          },
                          "f:dnsPolicy": Object {},
                          "f:nodeSelector": Object {},
                          "f:priorityClassName": Object {},
                          "f:restartPolicy": Object {},
                          "f:schedulerName": Object {},
                          "f:securityContext": Object {},
                          "f:serviceAccount": Object {},
                          "f:serviceAccountName": Object {},
                          "f:terminationGracePeriodSeconds": Object {},
                          "f:tolerations": Object {},
                          "f:volumes": Object {
                            ".": Object {},
                            "k:{\\"name\\":\\"config-volume\\"}": Object {
                              ".": Object {},
                              "f:configMap": Object {
                                ".": Object {},
                                "f:defaultMode": Object {},
                                "f:items": Object {},
                                "f:name": Object {},
                              },
                              "f:name": Object {},
                            },
                          },
                        },
                      },
                    },
                  },
                  "manager": "kubeadm",
                  "operation": "Update",
                  "subresource": undefined,
                  "time": 2024-01-11T15:50:18.000Z,
                },
                V1ManagedFieldsEntry {
                  "apiVersion": "apps/v1",
                  "fieldsType": "FieldsV1",
                  "fieldsV1": Object {
                    "f:metadata": Object {
                      "f:annotations": Object {
                        ".": Object {},
                        "f:deployment.kubernetes.io/revision": Object {},
                      },
                    },
                    "f:status": Object {
                      "f:availableReplicas": Object {},
                      "f:conditions": Object {
                        ".": Object {},
                        "k:{\\"type\\":\\"Available\\"}": Object {
                          ".": Object {},
                          "f:lastTransitionTime": Object {},
                          "f:lastUpdateTime": Object {},
                          "f:message": Object {},
                          "f:reason": Object {},
                          "f:status": Object {},
                          "f:type": Object {},
                        },
                        "k:{\\"type\\":\\"Progressing\\"}": Object {
                          ".": Object {},
                          "f:lastTransitionTime": Object {},
                          "f:lastUpdateTime": Object {},
                          "f:message": Object {},
                          "f:reason": Object {},
                          "f:status": Object {},
                          "f:type": Object {},
                        },
                      },
                      "f:observedGeneration": Object {},
                      "f:readyReplicas": Object {},
                      "f:replicas": Object {},
                      "f:updatedReplicas": Object {},
                    },
                  },
                  "manager": "kube-controller-manager",
                  "operation": "Update",
                  "subresource": "status",
                  "time": 2024-01-12T14:09:52.000Z,
                },
              ],
              "name": "coredns",
              "namespace": "kube-system",
              "ownerReferences": undefined,
              "resourceVersion": "36483",
              "selfLink": undefined,
              "uid": "a5ab61e9-a5ff-458d-8a99-a21cbe5e94cb",
            },
            "spec": V1DeploymentSpec {
              "minReadySeconds": undefined,
              "paused": undefined,
              "progressDeadlineSeconds": 600,
              "replicas": 2,
              "revisionHistoryLimit": 10,
              "selector": V1LabelSelector {
                "matchExpressions": undefined,
                "matchLabels": Object {
                  "k8s-app": "kube-dns",
                },
              },
              "strategy": V1DeploymentStrategy {
                "rollingUpdate": V1RollingUpdateDeployment {
                  "maxSurge": "25%",
                  "maxUnavailable": 1,
                },
                "type": "RollingUpdate",
              },
              "template": V1PodTemplateSpec {
                "metadata": V1ObjectMeta {
                  "annotations": undefined,
                  "creationTimestamp": null,
                  "deletionGracePeriodSeconds": undefined,
                  "deletionTimestamp": undefined,
                  "finalizers": undefined,
                  "generateName": undefined,
                  "generation": undefined,
                  "labels": Object {
                    "k8s-app": "kube-dns",
                  },
                  "managedFields": undefined,
                  "name": undefined,
                  "namespace": undefined,
                  "ownerReferences": undefined,
                  "resourceVersion": undefined,
                  "selfLink": undefined,
                  "uid": undefined,
                },
                "spec": V1PodSpec {
                  "activeDeadlineSeconds": undefined,
                  "affinity": V1Affinity {
                    "nodeAffinity": undefined,
                    "podAffinity": undefined,
                    "podAntiAffinity": V1PodAntiAffinity {
                      "preferredDuringSchedulingIgnoredDuringExecution": Array [
                        V1WeightedPodAffinityTerm {
                          "podAffinityTerm": V1PodAffinityTerm {
                            "labelSelector": V1LabelSelector {
                              "matchExpressions": Array [
                                V1LabelSelectorRequirement {
                                  "key": "k8s-app",
                                  "operator": "In",
                                  "values": Array [
                                    "kube-dns",
                                  ],
                                },
                              ],
                              "matchLabels": undefined,
                            },
                            "namespaceSelector": undefined,
                            "namespaces": undefined,
                            "topologyKey": "kubernetes.io/hostname",
                          },
                          "weight": 100,
                        },
                      ],
                      "requiredDuringSchedulingIgnoredDuringExecution": undefined,
                    },
                  },
                  "automountServiceAccountToken": undefined,
                  "containers": Array [
                    V1Container {
                      "args": Array [
                        "-conf",
                        "/etc/coredns/Corefile",
                      ],
                      "command": undefined,
                      "env": undefined,
                      "envFrom": undefined,
                      "image": "registry.k8s.io/coredns/coredns:v1.10.1",
                      "imagePullPolicy": "IfNotPresent",
                      "lifecycle": undefined,
                      "livenessProbe": V1Probe {
                        "exec": undefined,
                        "failureThreshold": 5,
                        "grpc": undefined,
                        "httpGet": V1HTTPGetAction {
                          "host": undefined,
                          "httpHeaders": undefined,
                          "path": "/health",
                          "port": 8080,
                          "scheme": "HTTP",
                        },
                        "initialDelaySeconds": 60,
                        "periodSeconds": 10,
                        "successThreshold": 1,
                        "tcpSocket": undefined,
                        "terminationGracePeriodSeconds": undefined,
                        "timeoutSeconds": 5,
                      },
                      "name": "coredns",
                      "ports": Array [
                        V1ContainerPort {
                          "containerPort": 53,
                          "hostIP": undefined,
                          "hostPort": undefined,
                          "name": "dns",
                          "protocol": "UDP",
                        },
                        V1ContainerPort {
                          "containerPort": 53,
                          "hostIP": undefined,
                          "hostPort": undefined,
                          "name": "dns-tcp",
                          "protocol": "TCP",
                        },
                        V1ContainerPort {
                          "containerPort": 9153,
                          "hostIP": undefined,
                          "hostPort": undefined,
                          "name": "metrics",
                          "protocol": "TCP",
                        },
                      ],
                      "readinessProbe": V1Probe {
                        "exec": undefined,
                        "failureThreshold": 3,
                        "grpc": undefined,
                        "httpGet": V1HTTPGetAction {
                          "host": undefined,
                          "httpHeaders": undefined,
                          "path": "/ready",
                          "port": 8181,
                          "scheme": "HTTP",
                        },
                        "initialDelaySeconds": undefined,
                        "periodSeconds": 10,
                        "successThreshold": 1,
                        "tcpSocket": undefined,
                        "terminationGracePeriodSeconds": undefined,
                        "timeoutSeconds": 1,
                      },
                      "resizePolicy": undefined,
                      "resources": V1ResourceRequirements {
                        "claims": undefined,
                        "limits": Object {
                          "memory": "170Mi",
                        },
                        "requests": Object {
                          "cpu": "100m",
                          "memory": "70Mi",
                        },
                      },
                      "restartPolicy": undefined,
                      "securityContext": V1SecurityContext {
                        "allowPrivilegeEscalation": false,
                        "capabilities": V1Capabilities {
                          "add": Array [
                            "NET_BIND_SERVICE",
                          ],
                          "drop": Array [
                            "all",
                          ],
                        },
                        "privileged": undefined,
                        "procMount": undefined,
                        "readOnlyRootFilesystem": true,
                        "runAsGroup": undefined,
                        "runAsNonRoot": undefined,
                        "runAsUser": undefined,
                        "seLinuxOptions": undefined,
                        "seccompProfile": undefined,
                        "windowsOptions": undefined,
                      },
                      "startupProbe": undefined,
                      "stdin": undefined,
                      "stdinOnce": undefined,
                      "terminationMessagePath": "/dev/termination-log",
                      "terminationMessagePolicy": "File",
                      "tty": undefined,
                      "volumeDevices": undefined,
                      "volumeMounts": Array [
                        V1VolumeMount {
                          "mountPath": "/etc/coredns",
                          "mountPropagation": undefined,
                          "name": "config-volume",
                          "readOnly": true,
                          "subPath": undefined,
                          "subPathExpr": undefined,
                        },
                      ],
                      "workingDir": undefined,
                    },
                  ],
                  "dnsConfig": undefined,
                  "dnsPolicy": "Default",
                  "enableServiceLinks": undefined,
                  "ephemeralContainers": undefined,
                  "hostAliases": undefined,
                  "hostIPC": undefined,
                  "hostNetwork": undefined,
                  "hostPID": undefined,
                  "hostUsers": undefined,
                  "hostname": undefined,
                  "imagePullSecrets": undefined,
                  "initContainers": undefined,
                  "nodeName": undefined,
                  "nodeSelector": Object {
                    "kubernetes.io/os": "linux",
                  },
                  "os": undefined,
                  "overhead": undefined,
                  "preemptionPolicy": undefined,
                  "priority": undefined,
                  "priorityClassName": "system-cluster-critical",
                  "readinessGates": undefined,
                  "resourceClaims": undefined,
                  "restartPolicy": "Always",
                  "runtimeClassName": undefined,
                  "schedulerName": "default-scheduler",
                  "schedulingGates": undefined,
                  "securityContext": V1PodSecurityContext {
                    "fsGroup": undefined,
                    "fsGroupChangePolicy": undefined,
                    "runAsGroup": undefined,
                    "runAsNonRoot": undefined,
                    "runAsUser": undefined,
                    "seLinuxOptions": undefined,
                    "seccompProfile": undefined,
                    "supplementalGroups": undefined,
                    "sysctls": undefined,
                    "windowsOptions": undefined,
                  },
                  "serviceAccount": "coredns",
                  "serviceAccountName": "coredns",
                  "setHostnameAsFQDN": undefined,
                  "shareProcessNamespace": undefined,
                  "subdomain": undefined,
                  "terminationGracePeriodSeconds": 30,
                  "tolerations": Array [
                    V1Toleration {
                      "effect": undefined,
                      "key": "CriticalAddonsOnly",
                      "operator": "Exists",
                      "tolerationSeconds": undefined,
                      "value": undefined,
                    },
                    V1Toleration {
                      "effect": "NoSchedule",
                      "key": "node-role.kubernetes.io/control-plane",
                      "operator": undefined,
                      "tolerationSeconds": undefined,
                      "value": undefined,
                    },
                  ],
                  "topologySpreadConstraints": undefined,
                  "volumes": Array [
                    V1Volume {
                      "awsElasticBlockStore": undefined,
                      "azureDisk": undefined,
                      "azureFile": undefined,
                      "cephfs": undefined,
                      "cinder": undefined,
                      "configMap": V1ConfigMapVolumeSource {
                        "defaultMode": 420,
                        "items": Array [
                          V1KeyToPath {
                            "key": "Corefile",
                            "mode": undefined,
                            "path": "Corefile",
                          },
                        ],
                        "name": "coredns",
                        "optional": undefined,
                      },
                      "csi": undefined,
                      "downwardAPI": undefined,
                      "emptyDir": undefined,
                      "ephemeral": undefined,
                      "fc": undefined,
                      "flexVolume": undefined,
                      "flocker": undefined,
                      "gcePersistentDisk": undefined,
                      "gitRepo": undefined,
                      "glusterfs": undefined,
                      "hostPath": undefined,
                      "iscsi": undefined,
                      "name": "config-volume",
                      "nfs": undefined,
                      "persistentVolumeClaim": undefined,
                      "photonPersistentDisk": undefined,
                      "portworxVolume": undefined,
                      "projected": undefined,
                      "quobyte": undefined,
                      "rbd": undefined,
                      "scaleIO": undefined,
                      "secret": undefined,
                      "storageos": undefined,
                      "vsphereVolume": undefined,
                    },
                  ],
                },
              },
            },
            "status": V1DeploymentStatus {
              "availableReplicas": 2,
              "collisionCount": undefined,
              "conditions": Array [
                V1DeploymentCondition {
                  "lastTransitionTime": 2024-01-11T15:50:22.000Z,
                  "lastUpdateTime": 2024-01-11T15:50:24.000Z,
                  "message": "ReplicaSet \\"coredns-5dd5756b68\\" has successfully progressed.",
                  "reason": "NewReplicaSetAvailable",
                  "status": "True",
                  "type": "Progressing",
                },
                V1DeploymentCondition {
                  "lastTransitionTime": 2024-01-12T14:09:49.000Z,
                  "lastUpdateTime": 2024-01-12T14:09:49.000Z,
                  "message": "Deployment has minimum availability.",
                  "reason": "MinimumReplicasAvailable",
                  "status": "True",
                  "type": "Available",
                },
              ],
              "observedGeneration": 1,
              "readyReplicas": 2,
              "replicas": 2,
              "unavailableReplicas": undefined,
              "updatedReplicas": 2,
            },
          },
        },
      ],
      "_type": "kube_deployment",
      "active": undefined,
      "createdOn": 1704988218000,
      "deletionGracePeriodSeconds": undefined,
      "displayName": "coredns",
      "generation": 1,
      "minReadySeconds": undefined,
      "name": "coredns",
      "paused": undefined,
      "progressDeadlineSeconds": 600,
      "replicas": 2,
      "resourceVersion": "36483",
      "revisionHistoryLimit": 10,
      "status.availableReplicas": 2,
      "status.collisionCount": undefined,
      "status.observedGeneration": 1,
      "status.readyReplicas": 2,
      "status.replicas": 2,
      "status.unavailableReplicas": undefined,
      "status.updatedReplicas": 2,
      "strategy.maxSurge": "25%",
      "strategy.maxUnavailable": 1,
      "strategy.type": "RollingUpdate",
    },
  ],
  "collectedRelationships": Array [
    Object {
      "_class": "USES",
      "_fromEntityKey": "9e7dd498-00ec-4ba1-aba7-a1df910098da",
      "_key": "9e7dd498-00ec-4ba1-aba7-a1df910098da|uses|9e7dd498-00ec-4ba1-aba7-a1df910098da/wordpress",
      "_toEntityKey": "9e7dd498-00ec-4ba1-aba7-a1df910098da/wordpress",
      "_type": "kube_deployment_uses_container_spec",
      "displayName": "USES",
    },
    Object {
      "_class": "USES",
      "_fromEntityKey": "9e7dd498-00ec-4ba1-aba7-a1df910098da/wordpress",
      "_key": "9e7dd498-00ec-4ba1-aba7-a1df910098da/wordpress|uses|9e7dd498-00ec-4ba1-aba7-a1df910098da/wordpress-data/mount_wordpress-data/mount_path_/bitnami/wordpress/mount_sub_path_wordpress",
      "_toEntityKey": "9e7dd498-00ec-4ba1-aba7-a1df910098da/wordpress-data",
      "_type": "kube_container_spec_uses_volume",
      "displayName": "USES",
      "mountPath": "/bitnami/wordpress",
      "mountPropagation": undefined,
      "readOnly": undefined,
      "subPath": "wordpress",
    },
    Object {
      "_class": "CONTAINS",
      "_fromEntityKey": "868d4703-b338-4051-98e4-b65b4f0a0006",
      "_key": "868d4703-b338-4051-98e4-b65b4f0a0006|contains|9e7dd498-00ec-4ba1-aba7-a1df910098da",
      "_toEntityKey": "9e7dd498-00ec-4ba1-aba7-a1df910098da",
      "_type": "kube_namespace_contains_deployment",
      "displayName": "CONTAINS",
    },
    Object {
      "_class": "USES",
      "_fromEntityKey": "a5ab61e9-a5ff-458d-8a99-a21cbe5e94cb",
      "_key": "a5ab61e9-a5ff-458d-8a99-a21cbe5e94cb|uses|a5ab61e9-a5ff-458d-8a99-a21cbe5e94cb/coredns",
      "_toEntityKey": "a5ab61e9-a5ff-458d-8a99-a21cbe5e94cb/coredns",
      "_type": "kube_deployment_uses_container_spec",
      "displayName": "USES",
    },
    Object {
      "_class": "USES",
      "_fromEntityKey": "a5ab61e9-a5ff-458d-8a99-a21cbe5e94cb/coredns",
      "_key": "a5ab61e9-a5ff-458d-8a99-a21cbe5e94cb/coredns|uses|a5ab61e9-a5ff-458d-8a99-a21cbe5e94cb/config-volume/mount_config-volume/mount_path_/etc/coredns",
      "_toEntityKey": "a5ab61e9-a5ff-458d-8a99-a21cbe5e94cb/config-volume",
      "_type": "kube_container_spec_uses_volume",
      "displayName": "USES",
      "mountPath": "/etc/coredns",
      "mountPropagation": undefined,
      "readOnly": true,
      "subPath": undefined,
    },
    Object {
      "_class": "CONTAINS",
      "_fromEntityKey": "ce86116b-863b-4e74-979e-3c031a9aeee1",
      "_key": "ce86116b-863b-4e74-979e-3c031a9aeee1|contains|a5ab61e9-a5ff-458d-8a99-a21cbe5e94cb",
      "_toEntityKey": "a5ab61e9-a5ff-458d-8a99-a21cbe5e94cb",
      "_type": "kube_namespace_contains_deployment",
      "displayName": "CONTAINS",
    },
  ],
  "encounteredTypes": Array [
    "kube_namespace",
    "kube_volume",
    "kube_container_spec",
    "kube_deployment_uses_container_spec",
    "kube_container_spec_uses_volume",
    "kube_deployment",
    "kube_namespace_contains_deployment",
  ],
  "numCollectedEntities": 10,
  "numCollectedRelationships": 6,
}
`;
