// Jest Snapshot v1, https://goo.gl/fbAQLP

exports[`#createClusterEntity should convert data 1`] = `
Object {
  "_class": Array [
    "Cluster",
  ],
  "_key": "kube_cluster:undefined",
  "_rawData": Array [
    Object {
      "name": "default",
      "rawData": "example integration",
    },
  ],
  "_type": "kube_cluster",
  "caData": undefined,
  "createdOn": undefined,
  "displayName": undefined,
  "name": undefined,
  "server": undefined,
  "skipTlsVerify": undefined,
}
`;
