// Jest Snapshot v1, https://goo.gl/fbAQLP

exports[`#buildClusterResourcesRelationships should collect data: jobState 1`] = `
Object {
  "collectedEntities": Array [
    Object {
      "_class": Array [
        "Cluster",
      ],
      "_key": "kube_cluster:local-integration-instance",
      "_rawData": Array [
        Object {
          "name": "default",
          "rawData": Object {
            "name": "Local Integration",
          },
        },
      ],
      "_type": "kube_cluster",
      "createdOn": undefined,
      "displayName": "Local Integration",
      "name": "Local Integration",
    },
    Object {
      "_class": Array [
        "Group",
      ],
      "_key": "9c533ce3-b6bd-43e6-947a-f9f73dc297b5",
      "_rawData": Array [
        Object {
          "name": "default",
          "rawData": V1Namespace {
            "apiVersion": undefined,
            "kind": undefined,
            "metadata": V1ObjectMeta {
              "annotations": undefined,
              "clusterName": undefined,
              "creationTimestamp": 2021-05-13T19:34:38.000Z,
              "deletionGracePeriodSeconds": undefined,
              "deletionTimestamp": undefined,
              "finalizers": undefined,
              "generateName": undefined,
              "generation": undefined,
              "labels": undefined,
              "managedFields": Array [
                V1ManagedFieldsEntry {
                  "apiVersion": "v1",
                  "fieldsType": "FieldsV1",
                  "fieldsV1": Object {
                    "f:status": Object {
                      "f:phase": Object {},
                    },
                  },
                  "manager": "kube-apiserver",
                  "operation": "Update",
                  "time": 2021-05-13T19:34:38.000Z,
                },
              ],
              "name": "default",
              "namespace": undefined,
              "ownerReferences": undefined,
              "resourceVersion": "155",
              "selfLink": "/api/v1/namespaces/default",
              "uid": "9c533ce3-b6bd-43e6-947a-f9f73dc297b5",
            },
            "spec": V1NamespaceSpec {
              "finalizers": Array [
                "kubernetes",
              ],
            },
            "status": V1NamespaceStatus {
              "conditions": undefined,
              "phase": "Active",
            },
          },
        },
      ],
      "_type": "kube_namespace",
      "active": undefined,
      "createdOn": 1620934478000,
      "deletionGracePeriodSeconds": undefined,
      "displayName": "default",
      "finalizers": Array [
        "kubernetes",
      ],
      "generation": undefined,
      "name": "default",
      "resourceVersion": "155",
      "status.phase": "Active",
    },
    Object {
      "_class": Array [
        "Group",
      ],
      "_key": "11a8778d-4ef0-437b-bb1d-db3cf0a26e82",
      "_rawData": Array [
        Object {
          "name": "default",
          "rawData": V1Namespace {
            "apiVersion": undefined,
            "kind": undefined,
            "metadata": V1ObjectMeta {
              "annotations": undefined,
              "clusterName": undefined,
              "creationTimestamp": 2021-05-13T19:34:36.000Z,
              "deletionGracePeriodSeconds": undefined,
              "deletionTimestamp": undefined,
              "finalizers": undefined,
              "generateName": undefined,
              "generation": undefined,
              "labels": undefined,
              "managedFields": Array [
                V1ManagedFieldsEntry {
                  "apiVersion": "v1",
                  "fieldsType": "FieldsV1",
                  "fieldsV1": Object {
                    "f:status": Object {
                      "f:phase": Object {},
                    },
                  },
                  "manager": "kube-apiserver",
                  "operation": "Update",
                  "time": 2021-05-13T19:34:36.000Z,
                },
              ],
              "name": "kube-node-lease",
              "namespace": undefined,
              "ownerReferences": undefined,
              "resourceVersion": "33",
              "selfLink": "/api/v1/namespaces/kube-node-lease",
              "uid": "11a8778d-4ef0-437b-bb1d-db3cf0a26e82",
            },
            "spec": V1NamespaceSpec {
              "finalizers": Array [
                "kubernetes",
              ],
            },
            "status": V1NamespaceStatus {
              "conditions": undefined,
              "phase": "Active",
            },
          },
        },
      ],
      "_type": "kube_namespace",
      "active": undefined,
      "createdOn": 1620934476000,
      "deletionGracePeriodSeconds": undefined,
      "displayName": "kube-node-lease",
      "finalizers": Array [
        "kubernetes",
      ],
      "generation": undefined,
      "name": "kube-node-lease",
      "resourceVersion": "33",
      "status.phase": "Active",
    },
    Object {
      "_class": Array [
        "Group",
      ],
      "_key": "ba4e6047-864a-46f9-9f29-3ffe004d7f13",
      "_rawData": Array [
        Object {
          "name": "default",
          "rawData": V1Namespace {
            "apiVersion": undefined,
            "kind": undefined,
            "metadata": V1ObjectMeta {
              "annotations": undefined,
              "clusterName": undefined,
              "creationTimestamp": 2021-05-13T19:34:36.000Z,
              "deletionGracePeriodSeconds": undefined,
              "deletionTimestamp": undefined,
              "finalizers": undefined,
              "generateName": undefined,
              "generation": undefined,
              "labels": undefined,
              "managedFields": Array [
                V1ManagedFieldsEntry {
                  "apiVersion": "v1",
                  "fieldsType": "FieldsV1",
                  "fieldsV1": Object {
                    "f:status": Object {
                      "f:phase": Object {},
                    },
                  },
                  "manager": "kube-apiserver",
                  "operation": "Update",
                  "time": 2021-05-13T19:34:36.000Z,
                },
              ],
              "name": "kube-public",
              "namespace": undefined,
              "ownerReferences": undefined,
              "resourceVersion": "25",
              "selfLink": "/api/v1/namespaces/kube-public",
              "uid": "ba4e6047-864a-46f9-9f29-3ffe004d7f13",
            },
            "spec": V1NamespaceSpec {
              "finalizers": Array [
                "kubernetes",
              ],
            },
            "status": V1NamespaceStatus {
              "conditions": undefined,
              "phase": "Active",
            },
          },
        },
      ],
      "_type": "kube_namespace",
      "active": undefined,
      "createdOn": 1620934476000,
      "deletionGracePeriodSeconds": undefined,
      "displayName": "kube-public",
      "finalizers": Array [
        "kubernetes",
      ],
      "generation": undefined,
      "name": "kube-public",
      "resourceVersion": "25",
      "status.phase": "Active",
    },
    Object {
      "_class": Array [
        "Group",
      ],
      "_key": "de2a4eee-505b-49d7-bc08-09026c88dae5",
      "_rawData": Array [
        Object {
          "name": "default",
          "rawData": V1Namespace {
            "apiVersion": undefined,
            "kind": undefined,
            "metadata": V1ObjectMeta {
              "annotations": undefined,
              "clusterName": undefined,
              "creationTimestamp": 2021-05-13T19:34:36.000Z,
              "deletionGracePeriodSeconds": undefined,
              "deletionTimestamp": undefined,
              "finalizers": undefined,
              "generateName": undefined,
              "generation": undefined,
              "labels": undefined,
              "managedFields": Array [
                V1ManagedFieldsEntry {
                  "apiVersion": "v1",
                  "fieldsType": "FieldsV1",
                  "fieldsV1": Object {
                    "f:status": Object {
                      "f:phase": Object {},
                    },
                  },
                  "manager": "kube-apiserver",
                  "operation": "Update",
                  "time": 2021-05-13T19:34:36.000Z,
                },
              ],
              "name": "kube-system",
              "namespace": undefined,
              "ownerReferences": undefined,
              "resourceVersion": "16",
              "selfLink": "/api/v1/namespaces/kube-system",
              "uid": "de2a4eee-505b-49d7-bc08-09026c88dae5",
            },
            "spec": V1NamespaceSpec {
              "finalizers": Array [
                "kubernetes",
              ],
            },
            "status": V1NamespaceStatus {
              "conditions": undefined,
              "phase": "Active",
            },
          },
        },
      ],
      "_type": "kube_namespace",
      "active": undefined,
      "createdOn": 1620934476000,
      "deletionGracePeriodSeconds": undefined,
      "displayName": "kube-system",
      "finalizers": Array [
        "kubernetes",
      ],
      "generation": undefined,
      "name": "kube-system",
      "resourceVersion": "16",
      "status.phase": "Active",
    },
  ],
  "collectedRelationships": Array [
    Object {
      "_class": "CONTAINS",
      "_fromEntityKey": "kube_cluster:local-integration-instance",
      "_key": "kube_cluster:local-integration-instance|contains|9c533ce3-b6bd-43e6-947a-f9f73dc297b5",
      "_toEntityKey": "9c533ce3-b6bd-43e6-947a-f9f73dc297b5",
      "_type": "kube_cluster_contains_namespace",
      "displayName": "CONTAINS",
    },
    Object {
      "_class": "CONTAINS",
      "_fromEntityKey": "kube_cluster:local-integration-instance",
      "_key": "kube_cluster:local-integration-instance|contains|11a8778d-4ef0-437b-bb1d-db3cf0a26e82",
      "_toEntityKey": "11a8778d-4ef0-437b-bb1d-db3cf0a26e82",
      "_type": "kube_cluster_contains_namespace",
      "displayName": "CONTAINS",
    },
    Object {
      "_class": "CONTAINS",
      "_fromEntityKey": "kube_cluster:local-integration-instance",
      "_key": "kube_cluster:local-integration-instance|contains|ba4e6047-864a-46f9-9f29-3ffe004d7f13",
      "_toEntityKey": "ba4e6047-864a-46f9-9f29-3ffe004d7f13",
      "_type": "kube_cluster_contains_namespace",
      "displayName": "CONTAINS",
    },
    Object {
      "_class": "CONTAINS",
      "_fromEntityKey": "kube_cluster:local-integration-instance",
      "_key": "kube_cluster:local-integration-instance|contains|de2a4eee-505b-49d7-bc08-09026c88dae5",
      "_toEntityKey": "de2a4eee-505b-49d7-bc08-09026c88dae5",
      "_type": "kube_cluster_contains_namespace",
      "displayName": "CONTAINS",
    },
  ],
  "encounteredTypes": Array [
    "kube_cluster",
    "kube_namespace",
    "kube_cluster_contains_namespace",
  ],
  "numCollectedEntities": 5,
  "numCollectedRelationships": 4,
}
`;

exports[`#fetchClusterDetails should collect data: jobState 1`] = `
Object {
  "collectedEntities": Array [
    Object {
      "_class": Array [
        "Cluster",
      ],
      "_key": "kube_cluster:local-integration-instance",
      "_rawData": Array [
        Object {
          "name": "default",
          "rawData": Object {
            "name": "Local Integration",
          },
        },
      ],
      "_type": "kube_cluster",
      "createdOn": undefined,
      "displayName": "Local Integration",
      "name": "Local Integration",
    },
  ],
  "collectedRelationships": Array [],
  "encounteredTypes": Array [
    "kube_cluster",
  ],
  "numCollectedEntities": 1,
  "numCollectedRelationships": 0,
}
`;
